Component: ARM Compiler 5.06 update 5 (build 528) Tool: armlink [4d35e2]

==============================================================================

Section Cross References

    startup_stm32f103xb.o(RESET) refers to startup_stm32f103xb.o(STACK) for __initial_sp
    startup_stm32f103xb.o(RESET) refers to startup_stm32f103xb.o(.text) for Reset_Handler
    startup_stm32f103xb.o(RESET) refers to stm32f1xx_it.o(i.NMI_Handler) for NMI_Handler
    startup_stm32f103xb.o(RESET) refers to stm32f1xx_it.o(i.HardFault_Handler) for HardFault_Handler
    startup_stm32f103xb.o(RESET) refers to stm32f1xx_it.o(i.MemManage_Handler) for MemManage_Handler
    startup_stm32f103xb.o(RESET) refers to stm32f1xx_it.o(i.BusFault_Handler) for BusFault_Handler
    startup_stm32f103xb.o(RESET) refers to stm32f1xx_it.o(i.UsageFault_Handler) for UsageFault_Handler
    startup_stm32f103xb.o(RESET) refers to stm32f1xx_it.o(i.SVC_Handler) for SVC_Handler
    startup_stm32f103xb.o(RESET) refers to stm32f1xx_it.o(i.DebugMon_Handler) for DebugMon_Handler
    startup_stm32f103xb.o(RESET) refers to stm32f1xx_it.o(i.PendSV_Handler) for PendSV_Handler
    startup_stm32f103xb.o(RESET) refers to stm32f1xx_it.o(i.SysTick_Handler) for SysTick_Handler
    startup_stm32f103xb.o(RESET) refers to stm32f1xx_it.o(i.EXTI4_IRQHandler) for EXTI4_IRQHandler
    startup_stm32f103xb.o(RESET) refers to stm32f1xx_it.o(i.DMA1_Channel1_IRQHandler) for DMA1_Channel1_IRQHandler
    startup_stm32f103xb.o(RESET) refers to stm32f1xx_it.o(i.TIM3_IRQHandler) for TIM3_IRQHandler
    startup_stm32f103xb.o(RESET) refers to stm32f1xx_it.o(i.TIM4_IRQHandler) for TIM4_IRQHandler
    startup_stm32f103xb.o(.text) refers to system_stm32f1xx.o(i.SystemInit) for SystemInit
    startup_stm32f103xb.o(.text) refers to entry.o(.ARM.Collect$$$$00000000) for __main
    delay.o(i.delay_init) refers to delay.o(.data) for .data
    delay.o(i.delay_ms) refers to delay.o(.data) for .data
    delay.o(i.delay_us) refers to delay.o(.data) for .data
    gui.o(i.DisplayButtonDown) refers to gui.o(i.Gui_DrawLine) for Gui_DrawLine
    gui.o(i.DisplayButtonUp) refers to gui.o(i.Gui_DrawLine) for Gui_DrawLine
    gui.o(i.Gui_Circle) refers to lcd_driver.o(i.Gui_DrawPoint) for Gui_DrawPoint
    gui.o(i.Gui_DrawFont_GBK16) refers to lcd_driver.o(i.Gui_DrawPoint) for Gui_DrawPoint
    gui.o(i.Gui_DrawFont_GBK16) refers to gui.o(.constdata) for .constdata
    gui.o(i.Gui_DrawFont_GBK24) refers to lcd_driver.o(i.Gui_DrawPoint) for Gui_DrawPoint
    gui.o(i.Gui_DrawFont_GBK24) refers to gui.o(.constdata) for .constdata
    gui.o(i.Gui_DrawFont_Num32) refers to lcd_driver.o(i.Gui_DrawPoint) for Gui_DrawPoint
    gui.o(i.Gui_DrawFont_Num32) refers to gui.o(.constdata) for .constdata
    gui.o(i.Gui_DrawLine) refers to lcd_driver.o(i.Lcd_SetXY) for Lcd_SetXY
    gui.o(i.Gui_DrawLine) refers to lcd_driver.o(i.Gui_DrawPoint) for Gui_DrawPoint
    gui.o(i.Gui_box) refers to gui.o(i.Gui_DrawLine) for Gui_DrawLine
    gui.o(i.Gui_box2) refers to gui.o(i.Gui_DrawLine) for Gui_DrawLine
    lcd_driver.o(i.Gui_DrawPoint) refers to lcd_driver.o(i.Lcd_SetRegion) for Lcd_SetRegion
    lcd_driver.o(i.Gui_DrawPoint) refers to lcd_driver.o(i.LCD_WriteData_16Bit) for LCD_WriteData_16Bit
    lcd_driver.o(i.LCD_GPIO_Init) refers to stm32f1xx_hal_gpio.o(i.HAL_GPIO_Init) for HAL_GPIO_Init
    lcd_driver.o(i.LCD_WriteData_16Bit) refers to stm32f1xx_hal_gpio.o(i.HAL_GPIO_WritePin) for HAL_GPIO_WritePin
    lcd_driver.o(i.LCD_WriteData_16Bit) refers to lcd_driver.o(i.SPI_WriteData) for SPI_WriteData
    lcd_driver.o(i.Lcd_Clear) refers to lcd_driver.o(i.Lcd_SetRegion) for Lcd_SetRegion
    lcd_driver.o(i.Lcd_Clear) refers to lcd_driver.o(i.Lcd_WriteIndex) for Lcd_WriteIndex
    lcd_driver.o(i.Lcd_Clear) refers to lcd_driver.o(i.LCD_WriteData_16Bit) for LCD_WriteData_16Bit
    lcd_driver.o(i.Lcd_Init) refers to lcd_driver.o(i.LCD_GPIO_Init) for LCD_GPIO_Init
    lcd_driver.o(i.Lcd_Init) refers to lcd_driver.o(i.Lcd_Reset) for Lcd_Reset
    lcd_driver.o(i.Lcd_Init) refers to lcd_driver.o(i.Lcd_WriteIndex) for Lcd_WriteIndex
    lcd_driver.o(i.Lcd_Init) refers to delay.o(i.delay_ms) for delay_ms
    lcd_driver.o(i.Lcd_Init) refers to lcd_driver.o(i.Lcd_WriteData) for Lcd_WriteData
    lcd_driver.o(i.Lcd_ReadPoint) refers to lcd_driver.o(i.Lcd_SetXY) for Lcd_SetXY
    lcd_driver.o(i.Lcd_ReadPoint) refers to lcd_driver.o(i.Lcd_WriteData) for Lcd_WriteData
    lcd_driver.o(i.Lcd_Reset) refers to stm32f1xx_hal_gpio.o(i.HAL_GPIO_WritePin) for HAL_GPIO_WritePin
    lcd_driver.o(i.Lcd_Reset) refers to delay.o(i.delay_ms) for delay_ms
    lcd_driver.o(i.Lcd_SetRegion) refers to lcd_driver.o(i.Lcd_WriteIndex) for Lcd_WriteIndex
    lcd_driver.o(i.Lcd_SetRegion) refers to lcd_driver.o(i.Lcd_WriteData) for Lcd_WriteData
    lcd_driver.o(i.Lcd_SetXY) refers to lcd_driver.o(i.Lcd_SetRegion) for Lcd_SetRegion
    lcd_driver.o(i.Lcd_WriteData) refers to stm32f1xx_hal_gpio.o(i.HAL_GPIO_WritePin) for HAL_GPIO_WritePin
[...]
    Removing stm32f1xx_hal_exti.o(i.HAL_EXTI_GetPending), (24 bytes).
    Removing stm32f1xx_hal_exti.o(i.HAL_EXTI_IRQHandler), (36 bytes).
    Removing stm32f1xx_hal_exti.o(i.HAL_EXTI_RegisterCallback), (14 bytes).
    Removing stm32f1xx_hal_exti.o(i.HAL_EXTI_SetConfigLine), (164 bytes).
    Removing system_stm32f1xx.o(.rev16_text), (4 bytes).
    Removing system_stm32f1xx.o(.revsh_text), (4 bytes).
    Removing system_stm32f1xx.o(.rrx_text), (6 bytes).
    Removing system_stm32f1xx.o(i.SystemCoreClockUpdate), (104 bytes).
    Removing cdcmple.o(.text), (48 bytes).

441 unused section(s) (total 33980 bytes) removed from the image.

==============================================================================

Image Symbol Table

    Local Symbols

    Symbol Name                              Value     Ov Type        Size  Object(Section)

    ../Drivers/STM32F1xx_HAL_Driver/Src/stm32f1xx_hal.c 0x00000000   Number         0  stm32f1xx_hal.o ABSOLUTE
    ../Drivers/STM32F1xx_HAL_Driver/Src/stm32f1xx_hal_adc.c 0x00000000   Number         0  stm32f1xx_hal_adc.o ABSOLUTE
    ../Drivers/STM32F1xx_HAL_Driver/Src/stm32f1xx_hal_adc_ex.c 0x00000000   Number         0  stm32f1xx_hal_adc_ex.o ABSOLUTE
    ../Drivers/STM32F1xx_HAL_Driver/Src/stm32f1xx_hal_cortex.c 0x00000000   Number         0  stm32f1xx_hal_cortex.o ABSOLUTE
    ../Drivers/STM32F1xx_HAL_Driver/Src/stm32f1xx_hal_dma.c 0x00000000   Number         0  stm32f1xx_hal_dma.o ABSOLUTE
    ../Drivers/STM32F1xx_HAL_Driver/Src/stm32f1xx_hal_exti.c 0x00000000   Number         0  stm32f1xx_hal_exti.o ABSOLUTE
    ../Drivers/STM32F1xx_HAL_Driver/Src/stm32f1xx_hal_flash.c 0x00000000   Number         0  stm32f1xx_hal_flash.o ABSOLUTE
    ../Drivers/STM32F1xx_HAL_Driver/Src/stm32f1xx_hal_flash_ex.c 0x00000000   Number         0  stm32f1xx_hal_flash_ex.o ABSOLUTE
    ../Drivers/STM32F1xx_HAL_Driver/Src/stm32f1xx_hal_gpio.c 0x00000000   Number         0  stm32f1xx_hal_gpio.o ABSOLUTE
    ../Drivers/STM32F1xx_HAL_Driver/Src/stm32f1xx_hal_gpio_ex.c 0x00000000   Number         0  stm32f1xx_hal_gpio_ex.o ABSOLUTE
    ../Drivers/STM32F1xx_HAL_Driver/Src/stm32f1xx_hal_pwr.c 0x00000000   Number         0  stm32f1xx_hal_pwr.o ABSOLUTE
    ../Drivers/STM32F1xx_HAL_Driver/Src/stm32f1xx_hal_rcc.c 0x00000000   Number         0  stm32f1xx_hal_rcc.o ABSOLUTE
    ../Drivers/STM32F1xx_HAL_Driver/Src/stm32f1xx_hal_rcc_ex.c 0x00000000   Number         0  stm32f1xx_hal_rcc_ex.o ABSOLUTE
    ../Drivers/STM32F1xx_HAL_Driver/Src/stm32f1xx_hal_tim.c 0x00000000   Number         0  stm32f1xx_hal_tim.o ABSOLUTE
    ../Drivers/STM32F1xx_HAL_Driver/Src/stm32f1xx_hal_tim_ex.c 0x00000000   Number         0  stm32f1xx_hal_tim_ex.o ABSOLUTE
    ../Drivers/STM32F1xx_HAL_Driver/Src/stm32f1xx_hal_uart.c 0x00000000   Number         0  stm32f1xx_hal_uart.o ABSOLUTE
    ../Src/main.c                            0x00000000   Number         0  main.o ABSOLUTE
    ../Src/stm32f1xx_hal_msp.c               0x00000000   Number         0  stm32f1xx_hal_msp.o ABSOLUTE
    ../Src/stm32f1xx_it.c                    0x00000000   Number         0  stm32f1xx_it.o ABSOLUTE
    ../Src/system_stm32f1xx.c                0x00000000   Number         0  system_stm32f1xx.o ABSOLUTE
    ../clib/microlib/division.c              0x00000000   Number         0  uldiv.o ABSOLUTE
    ../clib/microlib/division.c              0x00000000   Number         0  uidiv.o ABSOLUTE
    ../clib/microlib/errno.c                 0x00000000   Number         0  errno.o ABSOLUTE
    ../clib/microlib/init/entry.s            0x00000000   Number         0  entry2.o ABSOLUTE
    ../clib/microlib/init/entry.s            0x00000000   Number         0  entry11b.o ABSOLUTE
    ../clib/microlib/init/entry.s            0x00000000   Number         0  entry7a.o ABSOLUTE
    ../clib/microlib/init/entry.s            0x00000000   Number         0  entry10b.o ABSOLUTE
    ../clib/microlib/init/entry.s            0x00000000   Number         0  entry7b.o ABSOLUTE
    ../clib/microlib/init/entry.s            0x00000000   Number         0  entry10a.o ABSOLUTE
    ../clib/microlib/init/entry.s            0x00000000   Number         0  entry9b.o ABSOLUTE
    ../clib/microlib/init/entry.s            0x00000000   Number         0  entry5.o ABSOLUTE
    ../clib/microlib/init/entry.s            0x00000000   Number         0  entry8a.o ABSOLUTE
    ../clib/microlib/init/entry.s            0x00000000   Number         0  entry11a.o ABSOLUTE
    ../clib/microlib/init/entry.s            0x00000000   Number         0  entry8b.o ABSOLUTE
    ../clib/microlib/init/entry.s            0x00000000   Number         0  entry.o ABSOLUTE
    ../clib/microlib/init/entry.s            0x00000000   Number         0  entry9a.o ABSOLUTE
    ../clib/microlib/longlong.c              0x00000000   Number         0  llshl.o ABSOLUTE
    ../clib/microlib/longlong.c              0x00000000   Number         0  llsshr.o ABSOLUTE
    ../clib/microlib/longlong.c              0x00000000   Number         0  llushr.o ABSOLUTE
    ../clib/microlib/printf/printf.c         0x00000000   Number         0  printf1.o ABSOLUTE
    ../clib/microlib/printf/printf.c         0x00000000   Number         0  printf7.o ABSOLUTE
    ../clib/microlib/printf/printf.c         0x00000000   Number         0  printf3.o ABSOLUTE
    ../clib/microlib/printf/printf.c         0x00000000   Number         0  printf4.o ABSOLUTE
    ../clib/microlib/printf/printf.c         0x00000000   Number         0  printf5.o ABSOLUTE
    ../clib/microlib/printf/printf.c         0x00000000   Number         0  printf8.o ABSOLUTE
    ../clib/microlib/printf/printf.c         0x00000000   Number         0  printfa.o ABSOLUTE
    ../clib/microlib/printf/printf.c         0x00000000   Number         0  printf6.o ABSOLUTE
    ../clib/microlib/printf/printf.c         0x00000000   Number         0  printf2.o ABSOLUTE
    ../clib/microlib/printf/printf.c         0x00000000   Number         0  printfb.o ABSOLUTE
    ../clib/microlib/printf/printf.c         0x00000000   Number         0  printf0.o ABSOLUTE
    ../clib/microlib/printf/stubs.s          0x00000000   Number         0  stubs.o ABSOLUTE
    ../clib/microlib/stdio/putc.c            0x00000000   Number         0  putc.o ABSOLUTE
    ../clib/microlib/stdio/streams.c         0x00000000   Number         0  stdout.o ABSOLUTE
    ../clib/microlib/string/memset.c         0x00000000   Number         0  memseta.o ABSOLUTE
    ../clib/microlib/string/strcat.c         0x00000000   Number         0  strcat.o ABSOLUTE
    ../clib/microlib/stubs.s                 0x00000000   Number         0  iusefp.o ABSOLUTE
    ../fplib/microlib/d2f.c                  0x00000000   Number         0  d2f.o ABSOLUTE
    ../fplib/microlib/f2d.c                  0x00000000   Number         0  f2d.o ABSOLUTE
    ../fplib/microlib/fpadd.c                0x00000000   Number         0  fadd.o ABSOLUTE
    ../fplib/microlib/fpadd.c                0x00000000   Number         0  dadd.o ABSOLUTE
    ../fplib/microlib/fpdiv.c                0x00000000   Number         0  fdiv.o ABSOLUTE
    ../fplib/microlib/fpdiv.c                0x00000000   Number         0  ddiv.o ABSOLUTE
    ../fplib/microlib/fpepilogue.c           0x00000000   Number         0  depilogue.o ABSOLUTE
    ../fplib/microlib/fpepilogue.c           0x00000000   Number         0  fepilogue.o ABSOLUTE
    ../fplib/microlib/fpfix.c                0x00000000   Number         0  dfixul.o ABSOLUTE
    ../fplib/microlib/fpflt.c                0x00000000   Number         0  dfltui.o ABSOLUTE
    ../fplib/microlib/fpflt.c                0x00000000   Number         0  dflti.o ABSOLUTE
    ../fplib/microlib/fpflt.c                0x00000000   Number         0  fflti.o ABSOLUTE
    ../fplib/microlib/fpmul.c                0x00000000   Number         0  fmul.o ABSOLUTE
    ../fplib/microlib/fpmul.c                0x00000000   Number         0  dmul.o ABSOLUTE
    ../fplib/microlib/fpscalb.c              0x00000000   Number         0  dscalb.o ABSOLUTE
    ../fplib/microlib/fpsqrt.c               0x00000000   Number         0  dsqrt.o ABSOLUTE
    ../mathlib/dunder.c                      0x00000000   Number         0  dunder.o ABSOLUTE
    ../mathlib/fpclassify.c                  0x00000000   Number         0  fpclassify.o ABSOLUTE
    ../mathlib/poly.c                        0x00000000   Number         0  poly.o ABSOLUTE
    ../mathlib/pow.c                         0x00000000   Number         0  pow_x.o ABSOLUTE
    ../mathlib/pow.c                         0x00000000   Number         0  pow.o ABSOLUTE
    ../mathlib/qnan.c                        0x00000000   Number         0  qnan.o ABSOLUTE
    ../mathlib/sqrt.c                        0x00000000   Number         0  sqrt_x.o ABSOLUTE
    ../mathlib/sqrt.c                        0x00000000   Number         0  sqrt.o ABSOLUTE
    ..\Drivers\STM32F1xx_HAL_Driver\Src\stm32f1xx_hal.c 0x00000000   Number         0  stm32f1xx_hal.o ABSOLUTE
    ..\Drivers\STM32F1xx_HAL_Driver\Src\stm32f1xx_hal_adc.c 0x00000000   Number         0  stm32f1xx_hal_adc.o ABSOLUTE
    ..\Drivers\STM32F1xx_HAL_Driver\Src\stm32f1xx_hal_adc_ex.c 0x00000000   Number         0  stm32f1xx_hal_adc_ex.o ABSOLUTE
    ..\Drivers\STM32F1xx_HAL_Driver\Src\stm32f1xx_hal_cortex.c 0x00000000   Number         0  stm32f1xx_hal_cortex.o ABSOLUTE
    ..\Drivers\STM32F1xx_HAL_Driver\Src\stm32f1xx_hal_dma.c 0x00000000   Number         0  stm32f1xx_hal_dma.o ABSOLUTE
    ..\Drivers\STM32F1xx_HAL_Driver\Src\stm32f1xx_hal_exti.c 0x00000000   Number         0  stm32f1xx_hal_exti.o ABSOLUTE
    ..\Drivers\STM32F1xx_HAL_Driver\Src\stm32f1xx_hal_flash.c 0x00000000   Number         0  stm32f1xx_hal_flash.o ABSOLUTE
    ..\Drivers\STM32F1xx_HAL_Driver\Src\stm32f1xx_hal_flash_ex.c 0x00000000   Number         0  stm32f1xx_hal_flash_ex.o ABSOLUTE
    ..\Drivers\STM32F1xx_HAL_Driver\Src\stm32f1xx_hal_gpio.c 0x00000000   Number         0  stm32f1xx_hal_gpio.o ABSOLUTE
    ..\Drivers\STM32F1xx_HAL_Driver\Src\stm32f1xx_hal_gpio_ex.c 0x00000000   Number         0  stm32f1xx_hal_gpio_ex.o ABSOLUTE
    ..\Drivers\STM32F1xx_HAL_Driver\Src\stm32f1xx_hal_pwr.c 0x00000000   Number         0  stm32f1xx_hal_pwr.o ABSOLUTE
    ..\Drivers\STM32F1xx_HAL_Driver\Src\stm32f1xx_hal_rcc.c 0x00000000   Number         0  stm32f1xx_hal_rcc.o ABSOLUTE
    ..\Drivers\STM32F1xx_HAL_Driver\Src\stm32f1xx_hal_rcc_ex.c 0x00000000   Number         0  stm32f1xx_hal_rcc_ex.o ABSOLUTE
    ..\Drivers\STM32F1xx_HAL_Driver\Src\stm32f1xx_hal_tim.c 0x00000000   Number         0  stm32f1xx_hal_tim.o ABSOLUTE
    ..\Drivers\STM32F1xx_HAL_Driver\Src\stm32f1xx_hal_tim_ex.c 0x00000000   Number         0  stm32f1xx_hal_tim_ex.o ABSOLUTE
    ..\Drivers\STM32F1xx_HAL_Driver\Src\stm32f1xx_hal_uart.c 0x00000000   Number         0  stm32f1xx_hal_uart.o ABSOLUTE
    ..\Src\bmp180.c                          0x00000000   Number         0  bmp180.o ABSOLUTE
    ..\Src\delay.c                           0x00000000   Number         0  delay.o ABSOLUTE
    ..\Src\gui.c                             0x00000000   Number         0  gui.o ABSOLUTE
    ..\Src\lcd_driver.c                      0x00000000   Number         0  lcd_driver.o ABSOLUTE
    ..\Src\main.c                            0x00000000   Number         0  main.o ABSOLUTE
    ..\Src\myiic.c                           0x00000000   Number         0  myiic.o ABSOLUTE
    ..\Src\stm32f1xx_hal_msp.c               0x00000000   Number         0  stm32f1xx_hal_msp.o ABSOLUTE
    ..\Src\stm32f1xx_it.c                    0x00000000   Number         0  stm32f1xx_it.o ABSOLUTE
    ..\Src\system_stm32f1xx.c                0x00000000   Number         0  system_stm32f1xx.o ABSOLUTE
    ..\\Src\\bmp180.c                        0x00000000   Number         0  bmp180.o ABSOLUTE
    ..\\Src\\delay.c                         0x00000000   Number         0  delay.o ABSOLUTE
    ..\\Src\\gui.c                           0x00000000   Number         0  gui.o ABSOLUTE
    ..\\Src\\lcd_driver.c                    0x00000000   Number         0  lcd_driver.o ABSOLUTE
    ..\\Src\\myiic.c                         0x00000000   Number         0  myiic.o ABSOLUTE
    cdcmple.s                                0x00000000   Number         0  cdcmple.o ABSOLUTE
    cdrcmple.s                               0x00000000   Number         0  cdrcmple.o ABSOLUTE
    dc.s                                     0x00000000   Number         0  dc.o ABSOLUTE
    handlers.s                               0x00000000   Number         0  handlers.o ABSOLUTE
    init.s                                   0x00000000   Number         0  init.o ABSOLUTE
    startup_stm32f103xb.s                    0x00000000   Number         0  startup_stm32f103xb.o ABSOLUTE
    RESET                                    0x08000000   Section      236  startup_stm32f103xb.o(RESET)
    .ARM.Collect$$$$00000000                 0x080000ec   Section        0  entry.o(.ARM.Collect$$$$00000000)
    .ARM.Collect$$$$00000001                 0x080000ec   Section        4  entry2.o(.ARM.Collect$$$$00000001)
    .ARM.Collect$$$$00000004                 0x080000f0   Section        4  entry5.o(.ARM.Collect$$$$00000004)
    .ARM.Collect$$$$00000008                 0x080000f4   Section        0  entry7b.o(.ARM.Collect$$$$00000008)
    .ARM.Collect$$$$0000000A                 0x080000f4   Section        0  entry8b.o(.ARM.Collect$$$$0000000A)
    .ARM.Collect$$$$0000000B                 0x080000f4   Section        8  entry9a.o(.ARM.Collect$$$$0000000B)
    .ARM.Collect$$$$0000000D                 0x080000fc   Section        0  entry10a.o(.ARM.Collect$$$$0000000D)
    .ARM.Collect$$$$0000000F                 0x080000fc   Section        0  entry11a.o(.ARM.Collect$$$$0000000F)
    .ARM.Collect$$$$00002712                 0x080000fc   Section        4  entry2.o(.ARM.Collect$$$$00002712)
    __lit__00000000                          0x080000fc   Data           4  entry2.o(.ARM.Collect$$$$00002712)
    .text                                    0x08000100   Section       36  startup_stm32f103xb.o(.text)
    .text                                    0x08000124   Section        0  llushr.o(.text)
    .text                                    0x08000144   Section        0  memseta.o(.text)
    .text                                    0x08000168   Section        0  strcat.o(.text)
    .text                                    0x08000180   Section        0  fadd.o(.text)
    .text                                    0x08000230   Section        0  fmul.o(.text)
    .text                                    0x08000294   Section        0  fdiv.o(.text)
    .text                                    0x08000310   Section        0  dadd.o(.text)
    .text                                    0x0800045e   Section        0  dmul.o(.text)
    .text                                    0x08000542   Section        0  ddiv.o(.text)
    .text                                    0x08000620   Section        0  fflti.o(.text)
    .text                                    0x08000632   Section        0  dflti.o(.text)
    .text                                    0x08000654   Section        0  dfltui.o(.text)
    .text                                    0x0800066e   Section        0  f2d.o(.text)
    .text                                    0x08000694   Section        0  d2f.o(.text)
    .text                                    0x080006cc   Section        0  uidiv.o(.text)
    .text                                    0x080006f8   Section        0  uldiv.o(.text)
    .text                                    0x0800075a   Section        0  llshl.o(.text)
    .text                                    0x08000778   Section        0  llsshr.o(.text)
    .text                                    0x0800079c   Section        0  fepilogue.o(.text)
    .text                                    0x0800079c   Section        0  iusefp.o(.text)
    .text                                    0x0800080a   Section        0  depilogue.o(.text)
    .text                                    0x080008c4   Section        0  dscalb.o(.text)
    .text                                    0x080008f2   Section        0  dfixul.o(.text)
    .text                                    0x08000924   Section       48  cdrcmple.o(.text)
    .text                                    0x08000954   Section       36  init.o(.text)
    .text                                    0x08000978   Section        0  dsqrt.o(.text)
    i.ADC_ConversionStop_Disable             0x08000a1c   Section        0  stm32f1xx_hal_adc.o(i.ADC_ConversionStop_Disable)
    i.ADC_Enable                             0x08000a74   Section        0  stm32f1xx_hal_adc.o(i.ADC_Enable)
    i.BMP_Init                               0x08000af0   Section        0  bmp180.o(i.BMP_Init)
    i.BMP_ReadCalibrationData                0x08000af4   Section        0  bmp180.o(i.BMP_ReadCalibrationData)
    i.BMP_ReadOneByte                        0x08000b58   Section        0  bmp180.o(i.BMP_ReadOneByte)
    i.BMP_ReadTwoByte                        0x08000b92   Section        0  bmp180.o(i.BMP_ReadTwoByte)
    i.BMP_Read_UP                            0x08000bd8   Section        0  bmp180.o(i.BMP_Read_UP)
    i.BMP_Read_UT                            0x08000bf2   Section        0  bmp180.o(i.BMP_Read_UT)
    i.BMP_UncompemstatedToTrue               0x08000c0c   Section        0  bmp180.o(i.BMP_UncompemstatedToTrue)
    i.BMP_WriteOneByte                       0x08000d30   Section        0  bmp180.o(i.BMP_WriteOneByte)
    i.BusFault_Handler                       0x08000d60   Section        0  stm32f1xx_it.o(i.BusFault_Handler)
    i.DMA1_Channel1_IRQHandler               0x08000d64   Section        0  stm32f1xx_it.o(i.DMA1_Channel1_IRQHandler)
    i.DebugMon_Handler                       0x08000d70   Section        0  stm32f1xx_it.o(i.DebugMon_Handler)
    i.EXTI4_IRQHandler                       0x08000d72   Section        0  stm32f1xx_it.o(i.EXTI4_IRQHandler)
    i.Error_Handler                          0x08000d78   Section        0  main.o(i.Error_Handler)
    i.Gui_DrawFont_GBK16                     0x08000d7c   Section        0  gui.o(i.Gui_DrawFont_GBK16)
    i.Gui_DrawPoint                          0x08000ef0   Section        0  lcd_driver.o(i.Gui_DrawPoint)
    i.HAL_ADC_ConfigChannel                  0x08000f0c   Section        0  stm32f1xx_hal_adc.o(i.HAL_ADC_ConfigChannel)
    i.HAL_ADC_GetValue                       0x08001008   Section        0  stm32f1xx_hal_adc.o(i.HAL_ADC_GetValue)
    i.HAL_ADC_Init                           0x08001010   Section        0  stm32f1xx_hal_adc.o(i.HAL_ADC_Init)
    i.HAL_ADC_MspInit                        0x0800112c   Section        0  stm32f1xx_hal_msp.o(i.HAL_ADC_MspInit)
    i.HAL_ADC_Start                          0x080011bc   Section        0  stm32f1xx_hal_adc.o(i.HAL_ADC_Start)
    i.HAL_DMA_IRQHandler                     0x0800127c   Section        0  stm32f1xx_hal_dma.o(i.HAL_DMA_IRQHandler)
    i.HAL_DMA_Init                           0x080013d0   Section        0  stm32f1xx_hal_dma.o(i.HAL_DMA_Init)
    i.HAL_GPIO_EXTI_Callback                 0x0800142c   Section        0  main.o(i.HAL_GPIO_EXTI_Callback)
    i.HAL_GPIO_EXTI_IRQHandler               0x08001440   Section        0  stm32f1xx_hal_gpio.o(i.HAL_GPIO_EXTI_IRQHandler)
    i.HAL_GPIO_Init                          0x08001458   Section        0  stm32f1xx_hal_gpio.o(i.HAL_GPIO_Init)
    i.HAL_GPIO_WritePin                      0x08001638   Section        0  stm32f1xx_hal_gpio.o(i.HAL_GPIO_WritePin)
    i.HAL_GetTick                            0x08001644   Section        0  stm32f1xx_hal.o(i.HAL_GetTick)
    i.HAL_IncTick                            0x08001650   Section        0  stm32f1xx_hal.o(i.HAL_IncTick)
    i.HAL_Init                               0x08001660   Section        0  stm32f1xx_hal.o(i.HAL_Init)
    i.HAL_InitTick                           0x08001684   Section        0  stm32f1xx_hal.o(i.HAL_InitTick)
    i.HAL_MspInit                            0x080016c4   Section        0  stm32f1xx_hal_msp.o(i.HAL_MspInit)
    i.HAL_NVIC_EnableIRQ                     0x08001708   Section        0  stm32f1xx_hal_cortex.o(i.HAL_NVIC_EnableIRQ)
    i.HAL_NVIC_SetPriority                   0x08001724   Section        0  stm32f1xx_hal_cortex.o(i.HAL_NVIC_SetPriority)
    i.HAL_NVIC_SetPriorityGrouping           0x08001764   Section        0  stm32f1xx_hal_cortex.o(i.HAL_NVIC_SetPriorityGrouping)
    i.HAL_RCCEx_PeriphCLKConfig              0x08001788   Section        0  stm32f1xx_hal_rcc_ex.o(i.HAL_RCCEx_PeriphCLKConfig)
    i.HAL_RCC_ClockConfig                    0x08001874   Section        0  stm32f1xx_hal_rcc.o(i.HAL_RCC_ClockConfig)
    i.HAL_RCC_GetPCLK1Freq                   0x080019a0   Section        0  stm32f1xx_hal_rcc.o(i.HAL_RCC_GetPCLK1Freq)
    i.HAL_RCC_GetPCLK2Freq                   0x080019c0   Section        0  stm32f1xx_hal_rcc.o(i.HAL_RCC_GetPCLK2Freq)
    i.HAL_RCC_GetSysClockFreq                0x080019e0   Section        0  stm32f1xx_hal_rcc.o(i.HAL_RCC_GetSysClockFreq)
    i.HAL_RCC_OscConfig                      0x08001a4c   Section        0  stm32f1xx_hal_rcc.o(i.HAL_RCC_OscConfig)
    i.HAL_SYSTICK_Config                     0x08001d6c   Section        0  stm32f1xx_hal_cortex.o(i.HAL_SYSTICK_Config)
    i.HAL_TIMEx_BreakCallback                0x08001d94   Section        0  stm32f1xx_hal_tim_ex.o(i.HAL_TIMEx_BreakCallback)
    i.HAL_TIMEx_CommutCallback               0x08001d96   Section        0  stm32f1xx_hal_tim_ex.o(i.HAL_TIMEx_CommutCallback)
    i.HAL_TIMEx_MasterConfigSynchronization  0x08001d98   Section        0  stm32f1xx_hal_tim_ex.o(i.HAL_TIMEx_MasterConfigSynchronization)
    i.HAL_TIM_Base_Init                      0x08001e00   Section        0  stm32f1xx_hal_tim.o(i.HAL_TIM_Base_Init)
    i.HAL_TIM_Base_MspInit                   0x08001e5c   Section        0  stm32f1xx_hal_msp.o(i.HAL_TIM_Base_MspInit)
    i.HAL_TIM_Base_Start_IT                  0x08001ec0   Section        0  stm32f1xx_hal_tim.o(i.HAL_TIM_Base_Start_IT)
    i.HAL_TIM_ConfigClockSource              0x08001f18   Section        0  stm32f1xx_hal_tim.o(i.HAL_TIM_ConfigClockSource)
    i.HAL_TIM_IC_CaptureCallback             0x08001fee   Section        0  stm32f1xx_hal_tim.o(i.HAL_TIM_IC_CaptureCallback)
    i.HAL_TIM_IRQHandler                     0x08001ff0   Section        0  stm32f1xx_hal_tim.o(i.HAL_TIM_IRQHandler)
    i.HAL_TIM_MspPostInit                    0x08002158   Section        0  stm32f1xx_hal_msp.o(i.HAL_TIM_MspPostInit)
    i.HAL_TIM_OC_DelayElapsedCallback        0x0800219c   Section        0  stm32f1xx_hal_tim.o(i.HAL_TIM_OC_DelayElapsedCallback)
    i.HAL_TIM_PWM_ConfigChannel              0x0800219e   Section        0  stm32f1xx_hal_tim.o(i.HAL_TIM_PWM_ConfigChannel)
    i.HAL_TIM_PWM_Init                       0x08002264   Section        0  stm32f1xx_hal_tim.o(i.HAL_TIM_PWM_Init)
    i.HAL_TIM_PWM_MspInit                    0x080022c0   Section        0  stm32f1xx_hal_msp.o(i.HAL_TIM_PWM_MspInit)
    i.HAL_TIM_PWM_PulseFinishedCallback      0x080022e4   Section        0  stm32f1xx_hal_tim.o(i.HAL_TIM_PWM_PulseFinishedCallback)
    i.HAL_TIM_PWM_Start                      0x080022e8   Section        0  stm32f1xx_hal_tim.o(i.HAL_TIM_PWM_Start)
    i.HAL_TIM_PeriodElapsedCallback          0x08002384   Section        0  main.o(i.HAL_TIM_PeriodElapsedCallback)
    i.HAL_TIM_TriggerCallback                0x08002558   Section        0  stm32f1xx_hal_tim.o(i.HAL_TIM_TriggerCallback)
    i.HAL_UART_Init                          0x0800255a   Section        0  stm32f1xx_hal_uart.o(i.HAL_UART_Init)
    i.HAL_UART_MspInit                       0x080025bc   Section        0  stm32f1xx_hal_msp.o(i.HAL_UART_MspInit)
    i.HardFault_Handler                      0x0800262c   Section        0  stm32f1xx_it.o(i.HardFault_Handler)
    i.IIC_Ack                                0x08002630   Section        0  myiic.o(i.IIC_Ack)
    i.IIC_Init                               0x08002670   Section        0  myiic.o(i.IIC_Init)
    i.IIC_NAck                               0x080026a8   Section        0  myiic.o(i.IIC_NAck)
    i.IIC_Read_Byte                          0x080026e8   Section        0  myiic.o(i.IIC_Read_Byte)
    i.IIC_Send_Byte                          0x08002754   Section        0  myiic.o(i.IIC_Send_Byte)
    i.IIC_Start                              0x080027bc   Section        0  myiic.o(i.IIC_Start)
    i.IIC_Stop                               0x080027fc   Section        0  myiic.o(i.IIC_Stop)
    i.IIC_Wait_Ack                           0x08002840   Section        0  myiic.o(i.IIC_Wait_Ack)
    i.LCD_GPIO_Init                          0x08002898   Section        0  lcd_driver.o(i.LCD_GPIO_Init)
    i.LCD_WriteData_16Bit                    0x080028cc   Section        0  lcd_driver.o(i.LCD_WriteData_16Bit)
    i.Lcd_Init                               0x08002908   Section        0  lcd_driver.o(i.Lcd_Init)
    i.Lcd_Reset                              0x08002b2c   Section        0  lcd_driver.o(i.Lcd_Reset)
    i.Lcd_SetRegion                          0x08002b58   Section        0  lcd_driver.o(i.Lcd_SetRegion)
    i.Lcd_WriteData                          0x08002bb4   Section        0  lcd_driver.o(i.Lcd_WriteData)
    i.Lcd_WriteIndex                         0x08002bec   Section        0  lcd_driver.o(i.Lcd_WriteIndex)
    i.MX_ADC1_Init                           0x08002c24   Section        0  main.o(i.MX_ADC1_Init)
    MX_ADC1_Init                             0x08002c25   Thumb Code    56  main.o(i.MX_ADC1_Init)
    i.MX_GPIO_Init                           0x08002c64   Section        0  main.o(i.MX_GPIO_Init)
    MX_GPIO_Init                             0x08002c65   Thumb Code   226  main.o(i.MX_GPIO_Init)
    i.MX_TIM2_Init                           0x08002d5c   Section        0  main.o(i.MX_TIM2_Init)
    MX_TIM2_Init                             0x08002d5d   Thumb Code    92  main.o(i.MX_TIM2_Init)
    i.MX_TIM3_Init                           0x08002dbc   Section        0  main.o(i.MX_TIM3_Init)
    MX_TIM3_Init                             0x08002dbd   Thumb Code    76  main.o(i.MX_TIM3_Init)
    i.MX_TIM4_Init                           0x08002e10   Section        0  main.o(i.MX_TIM4_Init)
    MX_TIM4_Init                             0x08002e11   Thumb Code    78  main.o(i.MX_TIM4_Init)
    i.MemManage_Handler                      0x08002e68   Section        0  stm32f1xx_it.o(i.MemManage_Handler)
    i.NMI_Handler                            0x08002e6a   Section        0  stm32f1xx_it.o(i.NMI_Handler)
    i.PendSV_Handler                         0x08002e6c   Section        0  stm32f1xx_it.o(i.PendSV_Handler)
    i.SPI_WriteData                          0x08002e70   Section        0  lcd_driver.o(i.SPI_WriteData)
    i.SVC_Handler                            0x08002eb0   Section        0  stm32f1xx_it.o(i.SVC_Handler)
    i.SysTick_Handler                        0x08002eb2   Section        0  stm32f1xx_it.o(i.SysTick_Handler)
    i.SystemClock_Config                     0x08002eb6   Section        0  main.o(i.SystemClock_Config)
    i.SystemInit                             0x08002f18   Section        0  system_stm32f1xx.o(i.SystemInit)
    i.TIM3_IRQHandler                        0x08002f1c   Section        0  stm32f1xx_it.o(i.TIM3_IRQHandler)
    i.TIM4_IRQHandler                        0x08002f28   Section        0  stm32f1xx_it.o(i.TIM4_IRQHandler)
    i.TIM_Base_SetConfig                     0x08002f34   Section        0  stm32f1xx_hal_tim.o(i.TIM_Base_SetConfig)
    i.TIM_CCxChannelCmd                      0x08002fa0   Section        0  stm32f1xx_hal_tim.o(i.TIM_CCxChannelCmd)
    i.TIM_ETR_SetConfig                      0x08002fba   Section        0  stm32f1xx_hal_tim.o(i.TIM_ETR_SetConfig)
    i.TIM_ITRx_SetConfig                     0x08002fce   Section        0  stm32f1xx_hal_tim.o(i.TIM_ITRx_SetConfig)
    TIM_ITRx_SetConfig                       0x08002fcf   Thumb Code    16  stm32f1xx_hal_tim.o(i.TIM_ITRx_SetConfig)
    i.TIM_OC1_SetConfig                      0x08002fe0   Section        0  stm32f1xx_hal_tim.o(i.TIM_OC1_SetConfig)
    TIM_OC1_SetConfig                        0x08002fe1   Thumb Code    74  stm32f1xx_hal_tim.o(i.TIM_OC1_SetConfig)
    i.TIM_OC2_SetConfig                      0x08003030   Section        0  stm32f1xx_hal_tim.o(i.TIM_OC2_SetConfig)
    i.TIM_OC3_SetConfig                      0x08003088   Section        0  stm32f1xx_hal_tim.o(i.TIM_OC3_SetConfig)
    TIM_OC3_SetConfig                        0x08003089   Thumb Code    82  stm32f1xx_hal_tim.o(i.TIM_OC3_SetConfig)
    i.TIM_OC4_SetConfig                      0x080030e0   Section        0  stm32f1xx_hal_tim.o(i.TIM_OC4_SetConfig)
    TIM_OC4_SetConfig                        0x080030e1   Thumb Code    64  stm32f1xx_hal_tim.o(i.TIM_OC4_SetConfig)
    i.TIM_TI1_ConfigInputStage               0x08003124   Section        0  stm32f1xx_hal_tim.o(i.TIM_TI1_ConfigInputStage)
    TIM_TI1_ConfigInputStage                 0x08003125   Thumb Code    34  stm32f1xx_hal_tim.o(i.TIM_TI1_ConfigInputStage)
    i.TIM_TI2_ConfigInputStage               0x08003146   Section        0  stm32f1xx_hal_tim.o(i.TIM_TI2_ConfigInputStage)
    TIM_TI2_ConfigInputStage                 0x08003147   Thumb Code    36  stm32f1xx_hal_tim.o(i.TIM_TI2_ConfigInputStage)
    i.UART_SetConfig                         0x0800316c   Section        0  stm32f1xx_hal_uart.o(i.UART_SetConfig)
    UART_SetConfig                           0x0800316d   Thumb Code   178  stm32f1xx_hal_uart.o(i.UART_SetConfig)
    i.UsageFault_Handler                     0x08003224   Section        0  stm32f1xx_it.o(i.UsageFault_Handler)
    i.__0sprintf                             0x08003228   Section        0  printfa.o(i.__0sprintf)
    i.__ARM_fpclassify                       0x08003250   Section        0  fpclassify.o(i.__ARM_fpclassify)
    i.__NVIC_SetPriority                     0x08003278   Section        0  stm32f1xx_hal_cortex.o(i.__NVIC_SetPriority)
    __NVIC_SetPriority                       0x08003279   Thumb Code    32  stm32f1xx_hal_cortex.o(i.__NVIC_SetPriority)
    i.__kernel_poly                          0x08003298   Section        0  poly.o(i.__kernel_poly)
    i.__mathlib_dbl_divzero                  0x08003344   Section        0  dunder.o(i.__mathlib_dbl_divzero)
    i.__mathlib_dbl_infnan2                  0x08003354   Section        0  dunder.o(i.__mathlib_dbl_infnan2)
    i.__mathlib_dbl_invalid                  0x08003358   Section        0  dunder.o(i.__mathlib_dbl_invalid)
    i.__mathlib_dbl_overflow                 0x08003364   Section        0  dunder.o(i.__mathlib_dbl_overflow)
    i.__mathlib_dbl_underflow                0x08003374   Section        0  dunder.o(i.__mathlib_dbl_underflow)
    i.__scatterload_copy                     0x08003384   Section       14  handlers.o(i.__scatterload_copy)
    i.__scatterload_null                     0x08003392   Section        2  handlers.o(i.__scatterload_null)
    i.__scatterload_zeroinit                 0x08003394   Section       14  handlers.o(i.__scatterload_zeroinit)
    i.__set_errno                            0x080033a4   Section        0  errno.o(i.__set_errno)
    i._fp_digits                             0x080033b0   Section        0  printfa.o(i._fp_digits)
    _fp_digits                               0x080033b1   Thumb Code   366  printfa.o(i._fp_digits)
    i._printf_core                           0x08003534   Section        0  printfa.o(i._printf_core)
    _printf_core                             0x08003535   Thumb Code  1744  printfa.o(i._printf_core)
    i._printf_post_padding                   0x08003c10   Section        0  printfa.o(i._printf_post_padding)
    _printf_post_padding                     0x08003c11   Thumb Code    36  printfa.o(i._printf_post_padding)
    i._printf_pre_padding                    0x08003c34   Section        0  printfa.o(i._printf_pre_padding)
    _printf_pre_padding                      0x08003c35   Thumb Code    46  printfa.o(i._printf_pre_padding)
    i._sputc                                 0x08003c62   Section        0  printfa.o(i._sputc)
    _sputc                                   0x08003c63   Thumb Code    10  printfa.o(i._sputc)
    i.delay_init                             0x08003c6c   Section        0  delay.o(i.delay_init)
    i.delay_ms                               0x08003c98   Section        0  delay.o(i.delay_ms)
    i.delay_us                               0x08003cc0   Section        0  delay.o(i.delay_us)
    i.main                                   0x08003ce8   Section        0  main.o(i.main)
    i.pow                                    0x08003f84   Section        0  pow.o(i.pow)
    i.sqrt                                   0x0800495c   Section        0  sqrt.o(i.sqrt)
    .constdata                               0x080049a8   Section     6616  gui.o(.constdata)
    .constdata                               0x08006380   Section       16  system_stm32f1xx.o(.constdata)
    .constdata                               0x08006390   Section        8  system_stm32f1xx.o(.constdata)
    .constdata                               0x08006398   Section      136  pow.o(.constdata)
    bp                                       0x08006398   Data          16  pow.o(.constdata)
    dp_h                                     0x080063a8   Data          16  pow.o(.constdata)
    dp_l                                     0x080063b8   Data          16  pow.o(.constdata)
    L                                        0x080063c8   Data          48  pow.o(.constdata)
    P                                        0x080063f8   Data          40  pow.o(.constdata)
    .constdata                               0x08006420   Section        8  qnan.o(.constdata)
    .data                                    0x20000000   Section        4  delay.o(.data)
    fac_us                                   0x20000000   Data           1  delay.o(.data)
    fac_ms                                   0x20000002   Data           2  delay.o(.data)
    .data                                    0x20000004   Section       97  main.o(.data)
    .data                                    0x20000068   Section       12  stm32f1xx_hal.o(.data)
    .data                                    0x20000074   Section        4  system_stm32f1xx.o(.data)
    .data                                    0x20000078   Section        4  errno.o(.data)
    _errno                                   0x20000078   Data           4  errno.o(.data)
    .bss                                     0x2000007c   Section       76  bmp180.o(.bss)
    .bss                                     0x200000c8   Section      372  main.o(.bss)
    .bss                                     0x2000023c   Section       68  main.o(.bss)
    STACK                                    0x20000280   Section     1024  startup_stm32f103xb.o(STACK)

    Global Symbols

    Symbol Name                              Value     Ov Type        Size  Object(Section)

    BuildAttributes$$THM_ISAv4$P$D$K$B$S$PE$A:L22UL41UL21$X:L11$S22US41US21$IEEE1$IW$USESV6$~STKCKD$USESV7$~SHL$OTIME$ROPI$IEEEX$EBA8$MICROLIB$REQ8$PRES8$EABIv2 0x00000000   Number         0  anon$$obj.o ABSOLUTE
    __ARM_use_no_argv                        0x00000000   Number         0  main.o ABSOLUTE
    _printf_a                                0x00000000   Number         0  stubs.o ABSOLUTE
    _printf_c                                0x00000000   Number         0  stubs.o ABSOLUTE
    _printf_charcount                        0x00000000   Number         0  stubs.o ABSOLUTE
    _printf_d                                0x00000000   Number         0  stubs.o ABSOLUTE
    _printf_e                                0x00000000   Number         0  stubs.o ABSOLUTE
    _printf_f                                0x00000000   Number         0  stubs.o ABSOLUTE
    _printf_flags                            0x00000000   Number         0  stubs.o ABSOLUTE
    _printf_fp_dec                           0x00000000   Number         0  stubs.o ABSOLUTE
    _printf_fp_hex                           0x00000000   Number         0  stubs.o ABSOLUTE
    _printf_g                                0x00000000   Number         0  stubs.o ABSOLUTE
    _printf_i                                0x00000000   Number         0  stubs.o ABSOLUTE
    _printf_int_dec                          0x00000000   Number         0  stubs.o ABSOLUTE
    _printf_l                                0x00000000   Number         0  stubs.o ABSOLUTE
    _printf_lc                               0x00000000   Number         0  stubs.o ABSOLUTE
    _printf_ll                               0x00000000   Number         0  stubs.o ABSOLUTE
    _printf_lld                              0x00000000   Number         0  stubs.o ABSOLUTE
    _printf_lli                              0x00000000   Number         0  stubs.o ABSOLUTE
    _printf_llo                              0x00000000   Number         0  stubs.o ABSOLUTE
    _printf_llu                              0x00000000   Number         0  stubs.o ABSOLUTE
    _printf_llx                              0x00000000   Number         0  stubs.o ABSOLUTE
    _printf_longlong_dec                     0x00000000   Number         0  stubs.o ABSOLUTE
    _printf_longlong_hex                     0x00000000   Number         0  stubs.o ABSOLUTE
    _printf_longlong_oct                     0x00000000   Number         0  stubs.o ABSOLUTE
    _printf_ls                               0x00000000   Number         0  stubs.o ABSOLUTE
    _printf_mbtowc                           0x00000000   Number         0  stubs.o ABSOLUTE
    _printf_n                                0x00000000   Number         0  stubs.o ABSOLUTE
    _printf_o                                0x00000000   Number         0  stubs.o ABSOLUTE
    _printf_p                                0x00000000   Number         0  stubs.o ABSOLUTE
    _printf_percent                          0x00000000   Number         0  stubs.o ABSOLUTE
    _printf_pre_padding                      0x00000000   Number         0  stubs.o ABSOLUTE
    _printf_return_value                     0x00000000   Number         0  stubs.o ABSOLUTE
    _printf_s                                0x00000000   Number         0  stubs.o ABSOLUTE
    _printf_sizespec                         0x00000000   Number         0  stubs.o ABSOLUTE
    _printf_str                              0x00000000   Number         0  stubs.o ABSOLUTE
    _printf_truncate_signed                  0x00000000   Number         0  stubs.o ABSOLUTE
    _printf_truncate_unsigned                0x00000000   Number         0  stubs.o ABSOLUTE
    _printf_u                                0x00000000   Number         0  stubs.o ABSOLUTE
    _printf_wc                               0x00000000   Number         0  stubs.o ABSOLUTE
    _printf_wctomb                           0x00000000   Number         0  stubs.o ABSOLUTE
    _printf_widthprec                        0x00000000   Number         0  stubs.o ABSOLUTE
    _printf_x                                0x00000000   Number         0  stubs.o ABSOLUTE
    __cpp_initialize__aeabi_                  - Undefined Weak Reference
    __cxa_finalize                            - Undefined Weak Reference
    __decompress                              - Undefined Weak Reference
    _clock_init                               - Undefined Weak Reference
    _microlib_exit                            - Undefined Weak Reference
    __Vectors_Size                           0x000000ec   Number         0  startup_stm32f103xb.o ABSOLUTE
    __Vectors                                0x08000000   Data           4  startup_stm32f103xb.o(RESET)
    __Vectors_End                            0x080000ec   Data           0  startup_stm32f103xb.o(RESET)
    __main                                   0x080000ed   Thumb Code     0  entry.o(.ARM.Collect$$$$00000000)
    _main_stk                                0x080000ed   Thumb Code     0  entry2.o(.ARM.Collect$$$$00000001)
    _main_scatterload                        0x080000f1   Thumb Code     0  entry5.o(.ARM.Collect$$$$00000004)
    __main_after_scatterload                 0x080000f5   Thumb Code     0  entry5.o(.ARM.Collect$$$$00000004)
    _main_clock                              0x080000f5   Thumb Code     0  entry7b.o(.ARM.Collect$$$$00000008)
    _main_cpp_init                           0x080000f5   Thumb Code     0  entry8b.o(.ARM.Collect$$$$0000000A)
    _main_init                               0x080000f5   Thumb Code     0  entry9a.o(.ARM.Collect$$$$0000000B)
    __rt_final_cpp                           0x080000fd   Thumb Code     0  entry10a.o(.ARM.Collect$$$$0000000D)
    __rt_final_exit                          0x080000fd   Thumb Code     0  entry11a.o(.ARM.Collect$$$$0000000F)
    Reset_Handler                            0x08000101   Thumb Code     8  startup_stm32f103xb.o(.text)
    ADC1_2_IRQHandler                        0x0800011b   Thumb Code     0  startup_stm32f103xb.o(.text)
    CAN1_RX1_IRQHandler                      0x0800011b   Thumb Code     0  startup_stm32f103xb.o(.text)
    CAN1_SCE_IRQHandler                      0x0800011b   Thumb Code     0  startup_stm32f103xb.o(.text)
    DMA1_Channel2_IRQHandler                 0x0800011b   Thumb Code     0  startup_stm32f103xb.o(.text)
    DMA1_Channel3_IRQHandler                 0x0800011b   Thumb Code     0  startup_stm32f103xb.o(.text)
    DMA1_Channel4_IRQHandler                 0x0800011b   Thumb Code     0  startup_stm32f103xb.o(.text)
    DMA1_Channel5_IRQHandler                 0x0800011b   Thumb Code     0  startup_stm32f103xb.o(.text)
    DMA1_Channel6_IRQHandler                 0x0800011b   Thumb Code     0  startup_stm32f103xb.o(.text)
    DMA1_Channel7_IRQHandler                 0x0800011b   Thumb Code     0  startup_stm32f103xb.o(.text)
    EXTI0_IRQHandler                         0x0800011b   Thumb Code     0  startup_stm32f103xb.o(.text)
    EXTI15_10_IRQHandler                     0x0800011b   Thumb Code     0  startup_stm32f103xb.o(.text)
    EXTI1_IRQHandler                         0x0800011b   Thumb Code     0  startup_stm32f103xb.o(.text)
    EXTI2_IRQHandler                         0x0800011b   Thumb Code     0  startup_stm32f103xb.o(.text)
    EXTI3_IRQHandler                         0x0800011b   Thumb Code     0  startup_stm32f103xb.o(.text)
    EXTI9_5_IRQHandler                       0x0800011b   Thumb Code     0  startup_stm32f103xb.o(.text)
    FLASH_IRQHandler                         0x0800011b   Thumb Code     0  startup_stm32f103xb.o(.text)
    I2C1_ER_IRQHandler                       0x0800011b   Thumb Code     0  startup_stm32f103xb.o(.text)
    I2C1_EV_IRQHandler                       0x0800011b   Thumb Code     0  startup_stm32f103xb.o(.text)
    I2C2_ER_IRQHandler                       0x0800011b   Thumb Code     0  startup_stm32f103xb.o(.text)
    I2C2_EV_IRQHandler                       0x0800011b   Thumb Code     0  startup_stm32f103xb.o(.text)
    PVD_IRQHandler                           0x0800011b   Thumb Code     0  startup_stm32f103xb.o(.text)
    RCC_IRQHandler                           0x0800011b   Thumb Code     0  startup_stm32f103xb.o(.text)
    RTC_Alarm_IRQHandler                     0x0800011b   Thumb Code     0  startup_stm32f103xb.o(.text)
    RTC_IRQHandler                           0x0800011b   Thumb Code     0  startup_stm32f103xb.o(.text)
    SPI1_IRQHandler                          0x0800011b   Thumb Code     0  startup_stm32f103xb.o(.text)
    SPI2_IRQHandler                          0x0800011b   Thumb Code     0  startup_stm32f103xb.o(.text)
    TAMPER_IRQHandler                        0x0800011b   Thumb Code     0  startup_stm32f103xb.o(.text)
    TIM1_BRK_IRQHandler                      0x0800011b   Thumb Code     0  startup_stm32f103xb.o(.text)
    TIM1_CC_IRQHandler                       0x0800011b   Thumb Code     0  startup_stm32f103xb.o(.text)
    TIM1_TRG_COM_IRQHandler                  0x0800011b   Thumb Code     0  startup_stm32f103xb.o(.text)
    TIM1_UP_IRQHandler                       0x0800011b   Thumb Code     0  startup_stm32f103xb.o(.text)
    TIM2_IRQHandler                          0x0800011b   Thumb Code     0  startup_stm32f103xb.o(.text)
    USART1_IRQHandler                        0x0800011b   Thumb Code     0  startup_stm32f103xb.o(.text)
    USART2_IRQHandler                        0x0800011b   Thumb Code     0  startup_stm32f103xb.o(.text)
    USART3_IRQHandler                        0x0800011b   Thumb Code     0  startup_stm32f103xb.o(.text)
    USBWakeUp_IRQHandler                     0x0800011b   Thumb Code     0  startup_stm32f103xb.o(.text)
    USB_HP_CAN1_TX_IRQHandler                0x0800011b   Thumb Code     0  startup_stm32f103xb.o(.text)
    USB_LP_CAN1_RX0_IRQHandler               0x0800011b   Thumb Code     0  startup_stm32f103xb.o(.text)
    WWDG_IRQHandler                          0x0800011b   Thumb Code     0  startup_stm32f103xb.o(.text)
    __aeabi_llsr                             0x08000125   Thumb Code    32  llushr.o(.text)
    _ll_ushift_r                             0x08000125   Thumb Code     0  llushr.o(.text)
    __aeabi_memset                           0x08000145   Thumb Code    14  memseta.o(.text)
    __aeabi_memset4                          0x08000145   Thumb Code     0  memseta.o(.text)
    __aeabi_memset8                          0x08000145   Thumb Code     0  memseta.o(.text)
    __aeabi_memclr                           0x08000153   Thumb Code     4  memseta.o(.text)
    __aeabi_memclr4                          0x08000153   Thumb Code     0  memseta.o(.text)
    __aeabi_memclr8                          0x08000153   Thumb Code     0  memseta.o(.text)
    _memset$wrapper                          0x08000157   Thumb Code    18  memseta.o(.text)
    strcat                                   0x08000169   Thumb Code    24  strcat.o(.text)
    __aeabi_fadd                             0x08000181   Thumb Code   164  fadd.o(.text)
    __aeabi_fsub                             0x08000225   Thumb Code     6  fadd.o(.text)
    __aeabi_frsub                            0x0800022b   Thumb Code     6  fadd.o(.text)
    __aeabi_fmul                             0x08000231   Thumb Code   100  fmul.o(.text)
    __aeabi_fdiv                             0x08000295   Thumb Code   124  fdiv.o(.text)
    __aeabi_dadd                             0x08000311   Thumb Code   322  dadd.o(.text)
    __aeabi_dsub                             0x08000453   Thumb Code     6  dadd.o(.text)
    __aeabi_drsub                            0x08000459   Thumb Code     6  dadd.o(.text)
    __aeabi_dmul                             0x0800045f   Thumb Code   228  dmul.o(.text)
    __aeabi_ddiv                             0x08000543   Thumb Code   222  ddiv.o(.text)
    __aeabi_i2f                              0x08000621   Thumb Code    18  fflti.o(.text)
    __aeabi_i2d                              0x08000633   Thumb Code    34  dflti.o(.text)
    __aeabi_ui2d                             0x08000655   Thumb Code    26  dfltui.o(.text)
    __aeabi_f2d                              0x0800066f   Thumb Code    38  f2d.o(.text)
    __aeabi_d2f                              0x08000695   Thumb Code    56  d2f.o(.text)
    __aeabi_uidiv                            0x080006cd   Thumb Code     0  uidiv.o(.text)
    __aeabi_uidivmod                         0x080006cd   Thumb Code    44  uidiv.o(.text)
    __aeabi_uldivmod                         0x080006f9   Thumb Code    98  uldiv.o(.text)
    __aeabi_llsl                             0x0800075b   Thumb Code    30  llshl.o(.text)
    _ll_shift_l                              0x0800075b   Thumb Code     0  llshl.o(.text)
    __aeabi_lasr                             0x08000779   Thumb Code    36  llsshr.o(.text)
    _ll_sshift_r                             0x08000779   Thumb Code     0  llsshr.o(.text)
    __I$use$fp                               0x0800079d   Thumb Code     0  iusefp.o(.text)
    _float_round                             0x0800079d   Thumb Code    18  fepilogue.o(.text)
    _float_epilogue                          0x080007af   Thumb Code    92  fepilogue.o(.text)
    _double_round                            0x0800080b   Thumb Code    30  depilogue.o(.text)
    _double_epilogue                         0x08000829   Thumb Code   156  depilogue.o(.text)
    __ARM_scalbn                             0x080008c5   Thumb Code    46  dscalb.o(.text)
    scalbn                                   0x080008c5   Thumb Code     0  dscalb.o(.text)
    __aeabi_d2ulz                            0x080008f3   Thumb Code    48  dfixul.o(.text)
    __aeabi_cdrcmple                         0x08000925   Thumb Code    48  cdrcmple.o(.text)
    __scatterload                            0x08000955   Thumb Code    28  init.o(.text)
    __scatterload_rt2                        0x08000955   Thumb Code     0  init.o(.text)
    _dsqrt                                   0x08000979   Thumb Code   162  dsqrt.o(.text)
    ADC_ConversionStop_Disable               0x08000a1d   Thumb Code    86  stm32f1xx_hal_adc.o(i.ADC_ConversionStop_Disable)
    ADC_Enable                               0x08000a75   Thumb Code   114  stm32f1xx_hal_adc.o(i.ADC_Enable)
    BMP_Init                                 0x08000af1   Thumb Code     4  bmp180.o(i.BMP_Init)
    BMP_ReadCalibrationData                  0x08000af5   Thumb Code    94  bmp180.o(i.BMP_ReadCalibrationData)
    BMP_ReadOneByte                          0x08000b59   Thumb Code    58  bmp180.o(i.BMP_ReadOneByte)
    BMP_ReadTwoByte                          0x08000b93   Thumb Code    70  bmp180.o(i.BMP_ReadTwoByte)
    BMP_Read_UP                              0x08000bd9   Thumb Code    26  bmp180.o(i.BMP_Read_UP)
    BMP_Read_UT                              0x08000bf3   Thumb Code    26  bmp180.o(i.BMP_Read_UT)
    BMP_UncompemstatedToTrue                 0x08000c0d   Thumb Code   262  bmp180.o(i.BMP_UncompemstatedToTrue)
    BMP_WriteOneByte                         0x08000d31   Thumb Code    48  bmp180.o(i.BMP_WriteOneByte)
    BusFault_Handler                         0x08000d61   Thumb Code     2  stm32f1xx_it.o(i.BusFault_Handler)
    DMA1_Channel1_IRQHandler                 0x08000d65   Thumb Code     6  stm32f1xx_it.o(i.DMA1_Channel1_IRQHandler)
    DebugMon_Handler                         0x08000d71   Thumb Code     2  stm32f1xx_it.o(i.DebugMon_Handler)
    EXTI4_IRQHandler                         0x08000d73   Thumb Code     6  stm32f1xx_it.o(i.EXTI4_IRQHandler)
    Error_Handler                            0x08000d79   Thumb Code     2  main.o(i.Error_Handler)
    Gui_DrawFont_GBK16                       0x08000d7d   Thumb Code   364  gui.o(i.Gui_DrawFont_GBK16)
    Gui_DrawPoint                            0x08000ef1   Thumb Code    26  lcd_driver.o(i.Gui_DrawPoint)
    HAL_ADC_ConfigChannel                    0x08000f0d   Thumb Code   240  stm32f1xx_hal_adc.o(i.HAL_ADC_ConfigChannel)
    HAL_ADC_GetValue                         0x08001009   Thumb Code     6  stm32f1xx_hal_adc.o(i.HAL_ADC_GetValue)
    HAL_ADC_Init                             0x08001011   Thumb Code   272  stm32f1xx_hal_adc.o(i.HAL_ADC_Init)
    HAL_ADC_MspInit                          0x0800112d   Thumb Code   122  stm32f1xx_hal_msp.o(i.HAL_ADC_MspInit)
    HAL_ADC_Start                            0x080011bd   Thumb Code   184  stm32f1xx_hal_adc.o(i.HAL_ADC_Start)
    HAL_DMA_IRQHandler                       0x0800127d   Thumb Code   316  stm32f1xx_hal_dma.o(i.HAL_DMA_IRQHandler)
    HAL_DMA_Init                             0x080013d1   Thumb Code    84  stm32f1xx_hal_dma.o(i.HAL_DMA_Init)
    HAL_GPIO_EXTI_Callback                   0x0800142d   Thumb Code    14  main.o(i.HAL_GPIO_EXTI_Callback)
    HAL_GPIO_EXTI_IRQHandler                 0x08001441   Thumb Code    18  stm32f1xx_hal_gpio.o(i.HAL_GPIO_EXTI_IRQHandler)
    HAL_GPIO_Init                            0x08001459   Thumb Code   446  stm32f1xx_hal_gpio.o(i.HAL_GPIO_Init)
    HAL_GPIO_WritePin                        0x08001639   Thumb Code    10  stm32f1xx_hal_gpio.o(i.HAL_GPIO_WritePin)
    HAL_GetTick                              0x08001645   Thumb Code     6  stm32f1xx_hal.o(i.HAL_GetTick)
    HAL_IncTick                              0x08001651   Thumb Code    12  stm32f1xx_hal.o(i.HAL_IncTick)
    HAL_Init                                 0x08001661   Thumb Code    32  stm32f1xx_hal.o(i.HAL_Init)
    HAL_InitTick                             0x08001685   Thumb Code    54  stm32f1xx_hal.o(i.HAL_InitTick)
    HAL_MspInit                              0x080016c5   Thumb Code    58  stm32f1xx_hal_msp.o(i.HAL_MspInit)
    HAL_NVIC_EnableIRQ                       0x08001709   Thumb Code    26  stm32f1xx_hal_cortex.o(i.HAL_NVIC_EnableIRQ)
    HAL_NVIC_SetPriority                     0x08001725   Thumb Code    60  stm32f1xx_hal_cortex.o(i.HAL_NVIC_SetPriority)
    HAL_NVIC_SetPriorityGrouping             0x08001765   Thumb Code    26  stm32f1xx_hal_cortex.o(i.HAL_NVIC_SetPriorityGrouping)
    HAL_RCCEx_PeriphCLKConfig                0x08001789   Thumb Code   224  stm32f1xx_hal_rcc_ex.o(i.HAL_RCCEx_PeriphCLKConfig)
    HAL_RCC_ClockConfig                      0x08001875   Thumb Code   280  stm32f1xx_hal_rcc.o(i.HAL_RCC_ClockConfig)
    HAL_RCC_GetPCLK1Freq                     0x080019a1   Thumb Code    20  stm32f1xx_hal_rcc.o(i.HAL_RCC_GetPCLK1Freq)
    HAL_RCC_GetPCLK2Freq                     0x080019c1   Thumb Code    20  stm32f1xx_hal_rcc.o(i.HAL_RCC_GetPCLK2Freq)
    HAL_RCC_GetSysClockFreq                  0x080019e1   Thumb Code    74  stm32f1xx_hal_rcc.o(i.HAL_RCC_GetSysClockFreq)
    HAL_RCC_OscConfig                        0x08001a4d   Thumb Code   778  stm32f1xx_hal_rcc.o(i.HAL_RCC_OscConfig)
    HAL_SYSTICK_Config                       0x08001d6d   Thumb Code    40  stm32f1xx_hal_cortex.o(i.HAL_SYSTICK_Config)
    HAL_TIMEx_BreakCallback                  0x08001d95   Thumb Code     2  stm32f1xx_hal_tim_ex.o(i.HAL_TIMEx_BreakCallback)
    HAL_TIMEx_CommutCallback                 0x08001d97   Thumb Code     2  stm32f1xx_hal_tim_ex.o(i.HAL_TIMEx_CommutCallback)
    HAL_TIMEx_MasterConfigSynchronization    0x08001d99   Thumb Code    92  stm32f1xx_hal_tim_ex.o(i.HAL_TIMEx_MasterConfigSynchronization)
    HAL_TIM_Base_Init                        0x08001e01   Thumb Code    90  stm32f1xx_hal_tim.o(i.HAL_TIM_Base_Init)
    HAL_TIM_Base_MspInit                     0x08001e5d   Thumb Code    86  stm32f1xx_hal_msp.o(i.HAL_TIM_Base_MspInit)
    HAL_TIM_Base_Start_IT                    0x08001ec1   Thumb Code    76  stm32f1xx_hal_tim.o(i.HAL_TIM_Base_Start_IT)
    HAL_TIM_ConfigClockSource                0x08001f19   Thumb Code   214  stm32f1xx_hal_tim.o(i.HAL_TIM_ConfigClockSource)
    HAL_TIM_IC_CaptureCallback               0x08001fef   Thumb Code     2  stm32f1xx_hal_tim.o(i.HAL_TIM_IC_CaptureCallback)
    HAL_TIM_IRQHandler                       0x08001ff1   Thumb Code   358  stm32f1xx_hal_tim.o(i.HAL_TIM_IRQHandler)
    HAL_TIM_MspPostInit                      0x08002159   Thumb Code    60  stm32f1xx_hal_msp.o(i.HAL_TIM_MspPostInit)
    HAL_TIM_OC_DelayElapsedCallback          0x0800219d   Thumb Code     2  stm32f1xx_hal_tim.o(i.HAL_TIM_OC_DelayElapsedCallback)
    HAL_TIM_PWM_ConfigChannel                0x0800219f   Thumb Code   198  stm32f1xx_hal_tim.o(i.HAL_TIM_PWM_ConfigChannel)
    HAL_TIM_PWM_Init                         0x08002265   Thumb Code    90  stm32f1xx_hal_tim.o(i.HAL_TIM_PWM_Init)
    HAL_TIM_PWM_MspInit                      0x080022c1   Thumb Code    30  stm32f1xx_hal_msp.o(i.HAL_TIM_PWM_MspInit)
    HAL_TIM_PWM_PulseFinishedCallback        0x080022e5   Thumb Code     2  stm32f1xx_hal_tim.o(i.HAL_TIM_PWM_PulseFinishedCallback)
    HAL_TIM_PWM_Start                        0x080022e9   Thumb Code   144  stm32f1xx_hal_tim.o(i.HAL_TIM_PWM_Start)
    HAL_TIM_PeriodElapsedCallback            0x08002385   Thumb Code   448  main.o(i.HAL_TIM_PeriodElapsedCallback)
    HAL_TIM_TriggerCallback                  0x08002559   Thumb Code     2  stm32f1xx_hal_tim.o(i.HAL_TIM_TriggerCallback)
    HAL_UART_Init                            0x0800255b   Thumb Code    98  stm32f1xx_hal_uart.o(i.HAL_UART_Init)
    HAL_UART_MspInit                         0x080025bd   Thumb Code    98  stm32f1xx_hal_msp.o(i.HAL_UART_MspInit)
    HardFault_Handler                        0x0800262d   Thumb Code     2  stm32f1xx_it.o(i.HardFault_Handler)
    IIC_Ack                                  0x08002631   Thumb Code    56  myiic.o(i.IIC_Ack)
    IIC_Init                                 0x08002671   Thumb Code    46  myiic.o(i.IIC_Init)
    IIC_NAck                                 0x080026a9   Thumb Code    56  myiic.o(i.IIC_NAck)
    IIC_Read_Byte                            0x080026e9   Thumb Code   100  myiic.o(i.IIC_Read_Byte)
    IIC_Send_Byte                            0x08002755   Thumb Code    94  myiic.o(i.IIC_Send_Byte)
    IIC_Start                                0x080027bd   Thumb Code    56  myiic.o(i.IIC_Start)
    IIC_Stop                                 0x080027fd   Thumb Code    58  myiic.o(i.IIC_Stop)
    IIC_Wait_Ack                             0x08002841   Thumb Code    78  myiic.o(i.IIC_Wait_Ack)
    LCD_GPIO_Init                            0x08002899   Thumb Code    42  lcd_driver.o(i.LCD_GPIO_Init)
    LCD_WriteData_16Bit                      0x080028cd   Thumb Code    52  lcd_driver.o(i.LCD_WriteData_16Bit)
    Lcd_Init                                 0x08002909   Thumb Code   548  lcd_driver.o(i.Lcd_Init)
    Lcd_Reset                                0x08002b2d   Thumb Code    40  lcd_driver.o(i.Lcd_Reset)
    Lcd_SetRegion                            0x08002b59   Thumb Code    90  lcd_driver.o(i.Lcd_SetRegion)
    Lcd_WriteData                            0x08002bb5   Thumb Code    46  lcd_driver.o(i.Lcd_WriteData)
    Lcd_WriteIndex                           0x08002bed   Thumb Code    46  lcd_driver.o(i.Lcd_WriteIndex)
    MemManage_Handler                        0x08002e69   Thumb Code     2  stm32f1xx_it.o(i.MemManage_Handler)
    NMI_Handler                              0x08002e6b   Thumb Code     2  stm32f1xx_it.o(i.NMI_Handler)
    PendSV_Handler                           0x08002e6d   Thumb Code     2  stm32f1xx_it.o(i.PendSV_Handler)
    SPI_WriteData                            0x08002e71   Thumb Code    60  lcd_driver.o(i.SPI_WriteData)
    SVC_Handler                              0x08002eb1   Thumb Code     2  stm32f1xx_it.o(i.SVC_Handler)
    SysTick_Handler                          0x08002eb3   Thumb Code     4  stm32f1xx_it.o(i.SysTick_Handler)
    SystemClock_Config                       0x08002eb7   Thumb Code    98  main.o(i.SystemClock_Config)
    SystemInit                               0x08002f19   Thumb Code     2  system_stm32f1xx.o(i.SystemInit)
    TIM3_IRQHandler                          0x08002f1d   Thumb Code     6  stm32f1xx_it.o(i.TIM3_IRQHandler)
    TIM4_IRQHandler                          0x08002f29   Thumb Code     6  stm32f1xx_it.o(i.TIM4_IRQHandler)
    TIM_Base_SetConfig                       0x08002f35   Thumb Code    94  stm32f1xx_hal_tim.o(i.TIM_Base_SetConfig)
    TIM_CCxChannelCmd                        0x08002fa1   Thumb Code    26  stm32f1xx_hal_tim.o(i.TIM_CCxChannelCmd)
    TIM_ETR_SetConfig                        0x08002fbb   Thumb Code    20  stm32f1xx_hal_tim.o(i.TIM_ETR_SetConfig)
    TIM_OC2_SetConfig                        0x08003031   Thumb Code    84  stm32f1xx_hal_tim.o(i.TIM_OC2_SetConfig)
    UsageFault_Handler                       0x08003225   Thumb Code     2  stm32f1xx_it.o(i.UsageFault_Handler)
    __0sprintf                               0x08003229   Thumb Code    34  printfa.o(i.__0sprintf)
    __1sprintf                               0x08003229   Thumb Code     0  printfa.o(i.__0sprintf)
    __2sprintf                               0x08003229   Thumb Code     0  printfa.o(i.__0sprintf)
    __c89sprintf                             0x08003229   Thumb Code     0  printfa.o(i.__0sprintf)
    sprintf                                  0x08003229   Thumb Code     0  printfa.o(i.__0sprintf)
    __ARM_fpclassify                         0x08003251   Thumb Code    40  fpclassify.o(i.__ARM_fpclassify)
    __kernel_poly                            0x08003299   Thumb Code   170  poly.o(i.__kernel_poly)
    __mathlib_dbl_divzero                    0x08003345   Thumb Code    12  dunder.o(i.__mathlib_dbl_divzero)
    __mathlib_dbl_infnan2                    0x08003355   Thumb Code     4  dunder.o(i.__mathlib_dbl_infnan2)
    __mathlib_dbl_invalid                    0x08003359   Thumb Code    12  dunder.o(i.__mathlib_dbl_invalid)
    __mathlib_dbl_overflow                   0x08003365   Thumb Code    14  dunder.o(i.__mathlib_dbl_overflow)
    __mathlib_dbl_underflow                  0x08003375   Thumb Code    10  dunder.o(i.__mathlib_dbl_underflow)
    __scatterload_copy                       0x08003385   Thumb Code    14  handlers.o(i.__scatterload_copy)
    __scatterload_null                       0x08003393   Thumb Code     2  handlers.o(i.__scatterload_null)
    __scatterload_zeroinit                   0x08003395   Thumb Code    14  handlers.o(i.__scatterload_zeroinit)
    __set_errno                              0x080033a5   Thumb Code     6  errno.o(i.__set_errno)
    delay_init                               0x08003c6d   Thumb Code    38  delay.o(i.delay_init)
    delay_ms                                 0x08003c99   Thumb Code    36  delay.o(i.delay_ms)
    delay_us                                 0x08003cc1   Thumb Code    36  delay.o(i.delay_us)
    main                                     0x08003ce9   Thumb Code   568  main.o(i.main)
    pow                                      0x08003f85   Thumb Code  2512  pow.o(i.pow)
    sqrt                                     0x0800495d   Thumb Code    76  sqrt.o(i.sqrt)
    asc16                                    0x080049a8   Data        1521  gui.o(.constdata)
    sz32                                     0x08004f99   Data        1921  gui.o(.constdata)
    hz16                                     0x0800571a   Data        1768  gui.o(.constdata)
    hz24                                     0x08005e02   Data        1406  gui.o(.constdata)
    AHBPrescTable                            0x08006380   Data          16  system_stm32f1xx.o(.constdata)
    APBPrescTable                            0x08006390   Data           8  system_stm32f1xx.o(.constdata)
    __mathlib_zero                           0x08006420   Data           8  qnan.o(.constdata)
    Region$$Table$$Base                      0x08006428   Number         0  anon$$obj.o(Region$$Table)
    Region$$Table$$Limit                     0x08006448   Number         0  anon$$obj.o(Region$$Table)
    Pulse                                    0x20000004   Data           1  main.o(.data)
    QS                                       0x20000005   Data           1  main.o(.data)
    firstBeat                                0x20000006   Data           1  main.o(.data)
    secondBeat                               0x20000007   Data           1  main.o(.data)
    space_str4                               0x20000008   Data           3  main.o(.data)
    space_str5                               0x2000000b   Data           3  main.o(.data)
    space_str6                               0x2000000e   Data           3  main.o(.data)
    IBI                                      0x20000014   Data           4  main.o(.data)
    sampleCounter                            0x20000018   Data           4  main.o(.data)
    lastBeatTime                             0x2000001c   Data           4  main.o(.data)
    P                                        0x20000020   Data           4  main.o(.data)
    T                                        0x20000024   Data           4  main.o(.data)
    thresh                                   0x20000028   Data           4  main.o(.data)
    amp                                      0x2000002c   Data           4  main.o(.data)
    count_num                                0x20000030   Data           4  main.o(.data)
    count_wheel                              0x20000034   Data           4  main.o(.data)
    count_km                                 0x20000038   Data           4  main.o(.data)
    count_time                               0x2000003c   Data           4  main.o(.data)
    BPM                                      0x20000040   Data           4  main.o(.data)
    Signal                                   0x20000044   Data           4  main.o(.data)
    Num                                      0x20000048   Data           4  main.o(.data)
    count_record                             0x2000004c   Data           4  main.o(.data)
    sflag                                    0x20000050   Data           4  main.o(.data)
    space_str                                0x20000054   Data           5  main.o(.data)
    space_str1                               0x20000059   Data           6  main.o(.data)
    space_str2                               0x2000005f   Data           6  main.o(.data)
    uwTickFreq                               0x20000068   Data           1  stm32f1xx_hal.o(.data)
    uwTickPrio                               0x2000006c   Data           4  stm32f1xx_hal.o(.data)
    uwTick                                   0x20000070   Data           4  stm32f1xx_hal.o(.data)
    SystemCoreClock                          0x20000074   Data           4  system_stm32f1xx.o(.data)
    bmp180                                   0x2000007c   Data          76  bmp180.o(.bss)
    hadc1                                    0x200000c8   Data          48  main.o(.bss)
    htim2                                    0x200000f8   Data          72  main.o(.bss)
    htim3                                    0x20000140   Data          72  main.o(.bss)
    htim4                                    0x20000188   Data          72  main.o(.bss)
    huart2                                   0x200001d0   Data          68  main.o(.bss)
    rate                                     0x20000214   Data          40  main.o(.bss)
    hdma_adc1                                0x2000023c   Data          68  main.o(.bss)
    __initial_sp                             0x20000680   Data           0  startup_stm32f103xb.o(STACK)



==============================================================================

Memory Map of the image

  Image Entry point : 0x080000ed

  Load Region LR_IROM1 (Base: 0x08000000, Size: 0x000064c4, Max: 0x00010000, ABSOLUTE)

    Execution Region ER_IROM1 (Exec base: 0x08000000, Load base: 0x08000000, Size: 0x00006448, Max: 0x00010000, ABSOLUTE)

    Exec Addr    Load Addr    Size         Type   Attr      Idx    E Section Name        Object

    0x08000000   0x08000000   0x000000ec   Data   RO            3    RESET               startup_stm32f103xb.o
    0x080000ec   0x080000ec   0x00000000   Code   RO         3436  * .ARM.Collect$$$$00000000  mc_w.l(entry.o)
    0x080000ec   0x080000ec   0x00000004   Code   RO         3758    .ARM.Collect$$$$00000001  mc_w.l(entry2.o)
    0x080000f0   0x080000f0   0x00000004   Code   RO         3761    .ARM.Collect$$$$00000004  mc_w.l(entry5.o)
    0x080000f4   0x080000f4   0x00000000   Code   RO         3763    .ARM.Collect$$$$00000008  mc_w.l(entry7b.o)
    0x080000f4   0x080000f4   0x00000000   Code   RO         3765    .ARM.Collect$$$$0000000A  mc_w.l(entry8b.o)
    0x080000f4   0x080000f4   0x00000008   Code   RO         3766    .ARM.Collect$$$$0000000B  mc_w.l(entry9a.o)
    0x080000fc   0x080000fc   0x00000000   Code   RO         3768    .ARM.Collect$$$$0000000D  mc_w.l(entry10a.o)
    0x080000fc   0x080000fc   0x00000000   Code   RO         3770    .ARM.Collect$$$$0000000F  mc_w.l(entry11a.o)
    0x080000fc   0x080000fc   0x00000004   Code   RO         3759    .ARM.Collect$$$$00002712  mc_w.l(entry2.o)
    0x08000100   0x08000100   0x00000024   Code   RO            4    .text               startup_stm32f103xb.o
    0x08000124   0x08000124   0x00000020   Code   RO         3442    .text               mc_w.l(llushr.o)
    0x08000144   0x08000144   0x00000024   Code   RO         3444    .text               mc_w.l(memseta.o)
    0x08000168   0x08000168   0x00000018   Code   RO         3446    .text               mc_w.l(strcat.o)
    0x08000180   0x08000180   0x000000b0   Code   RO         3709    .text               mf_w.l(fadd.o)
    0x08000230   0x08000230   0x00000064   Code   RO         3711    .text               mf_w.l(fmul.o)
    0x08000294   0x08000294   0x0000007c   Code   RO         3713    .text               mf_w.l(fdiv.o)
    0x08000310   0x08000310   0x0000014e   Code   RO         3715    .text               mf_w.l(dadd.o)
    0x0800045e   0x0800045e   0x000000e4   Code   RO         3717    .text               mf_w.l(dmul.o)
    0x08000542   0x08000542   0x000000de   Code   RO         3719    .text               mf_w.l(ddiv.o)
    0x08000620   0x08000620   0x00000012   Code   RO         3721    .text               mf_w.l(fflti.o)
    0x08000632   0x08000632   0x00000022   Code   RO         3723    .text               mf_w.l(dflti.o)
    0x08000654   0x08000654   0x0000001a   Code   RO         3725    .text               mf_w.l(dfltui.o)
    0x0800066e   0x0800066e   0x00000026   Code   RO         3727    .text               mf_w.l(f2d.o)
    0x08000694   0x08000694   0x00000038   Code   RO         3729    .text               mf_w.l(d2f.o)
    0x080006cc   0x080006cc   0x0000002c   Code   RO         3772    .text               mc_w.l(uidiv.o)
    0x080006f8   0x080006f8   0x00000062   Code   RO         3774    .text               mc_w.l(uldiv.o)
    0x0800075a   0x0800075a   0x0000001e   Code   RO         3776    .text               mc_w.l(llshl.o)
    0x08000778   0x08000778   0x00000024   Code   RO         3778    .text               mc_w.l(llsshr.o)
    0x0800079c   0x0800079c   0x00000000   Code   RO         3787    .text               mc_w.l(iusefp.o)
    0x0800079c   0x0800079c   0x0000006e   Code   RO         3788    .text               mf_w.l(fepilogue.o)
    0x0800080a   0x0800080a   0x000000ba   Code   RO         3790    .text               mf_w.l(depilogue.o)
    0x080008c4   0x080008c4   0x0000002e   Code   RO         3792    .text               mf_w.l(dscalb.o)
    0x080008f2   0x080008f2   0x00000030   Code   RO         3794    .text               mf_w.l(dfixul.o)
    0x08000922   0x08000922   0x00000002   PAD
    0x08000924   0x08000924   0x00000030   Code   RO         3796    .text               mf_w.l(cdrcmple.o)
    0x08000954   0x08000954   0x00000024   Code   RO         3798    .text               mc_w.l(init.o)
    0x08000978   0x08000978   0x000000a2   Code   RO         3800    .text               mf_w.l(dsqrt.o)
    0x08000a1a   0x08000a1a   0x00000002   PAD
    0x08000a1c   0x08000a1c   0x00000056   Code   RO          810    i.ADC_ConversionStop_Disable  stm32f1xx_hal_adc.o
    0x08000a72   0x08000a72   0x00000002   PAD
    0x08000a74   0x08000a74   0x0000007c   Code   RO          814    i.ADC_Enable        stm32f1xx_hal_adc.o
    0x08000af0   0x08000af0   0x00000004   Code   RO          331    i.BMP_Init          bmp180.o
    0x08000af4   0x08000af4   0x00000064   Code   RO          332    i.BMP_ReadCalibrationData  bmp180.o
    0x08000b58   0x08000b58   0x0000003a   Code   RO          333    i.BMP_ReadOneByte   bmp180.o
    0x08000b92   0x08000b92   0x00000046   Code   RO          334    i.BMP_ReadTwoByte   bmp180.o
    0x08000bd8   0x08000bd8   0x0000001a   Code   RO          335    i.BMP_Read_UP       bmp180.o
    0x08000bf2   0x08000bf2   0x0000001a   Code   RO          336    i.BMP_Read_UT       bmp180.o
    0x08000c0c   0x08000c0c   0x00000124   Code   RO          337    i.BMP_UncompemstatedToTrue  bmp180.o
    0x08000d30   0x08000d30   0x00000030   Code   RO          338    i.BMP_WriteOneByte  bmp180.o
    0x08000d60   0x08000d60   0x00000002   Code   RO          595    i.BusFault_Handler  stm32f1xx_it.o
    0x08000d62   0x08000d62   0x00000002   PAD
    0x08000d64   0x08000d64   0x0000000c   Code   RO          596    i.DMA1_Channel1_IRQHandler  stm32f1xx_it.o
    0x08000d70   0x08000d70   0x00000002   Code   RO          597    i.DebugMon_Handler  stm32f1xx_it.o
    0x08000d72   0x08000d72   0x00000006   Code   RO          598    i.EXTI4_IRQHandler  stm32f1xx_it.o
    0x08000d78   0x08000d78   0x00000002   Code   RO          478    i.Error_Handler     main.o
    0x08000d7a   0x08000d7a   0x00000002   PAD
    0x08000d7c   0x08000d7c   0x00000174   Code   RO          148    i.Gui_DrawFont_GBK16  gui.o
    0x08000ef0   0x08000ef0   0x0000001a   Code   RO          235    i.Gui_DrawPoint     lcd_driver.o
    0x08000f0a   0x08000f0a   0x00000002   PAD
    0x08000f0c   0x08000f0c   0x000000fc   Code   RO          816    i.HAL_ADC_ConfigChannel  stm32f1xx_hal_adc.o
    0x08001008   0x08001008   0x00000006   Code   RO          823    i.HAL_ADC_GetValue  stm32f1xx_hal_adc.o
    0x0800100e   0x0800100e   0x00000002   PAD
    0x08001010   0x08001010   0x0000011c   Code   RO          825    i.HAL_ADC_Init      stm32f1xx_hal_adc.o
    0x0800112c   0x0800112c   0x00000090   Code   RO          696    i.HAL_ADC_MspInit   stm32f1xx_hal_msp.o
    0x080011bc   0x080011bc   0x000000c0   Code   RO          831    i.HAL_ADC_Start     stm32f1xx_hal_adc.o
    0x0800127c   0x0800127c   0x00000154   Code   RO         2800    i.HAL_DMA_IRQHandler  stm32f1xx_hal_dma.o
    0x080013d0   0x080013d0   0x0000005c   Code   RO         2801    i.HAL_DMA_Init      stm32f1xx_hal_dma.o
    0x0800142c   0x0800142c   0x00000014   Code   RO          479    i.HAL_GPIO_EXTI_Callback  main.o
    0x08001440   0x08001440   0x00000018   Code   RO         2730    i.HAL_GPIO_EXTI_IRQHandler  stm32f1xx_hal_gpio.o
    0x08001458   0x08001458   0x000001e0   Code   RO         2731    i.HAL_GPIO_Init     stm32f1xx_hal_gpio.o
    0x08001638   0x08001638   0x0000000a   Code   RO         2735    i.HAL_GPIO_WritePin  stm32f1xx_hal_gpio.o
    0x08001642   0x08001642   0x00000002   PAD
    0x08001644   0x08001644   0x0000000c   Code   RO         2427    i.HAL_GetTick       stm32f1xx_hal.o
    0x08001650   0x08001650   0x00000010   Code   RO         2433    i.HAL_IncTick       stm32f1xx_hal.o
    0x08001660   0x08001660   0x00000024   Code   RO         2434    i.HAL_Init          stm32f1xx_hal.o
    0x08001684   0x08001684   0x00000040   Code   RO         2435    i.HAL_InitTick      stm32f1xx_hal.o
    0x080016c4   0x080016c4   0x00000044   Code   RO          697    i.HAL_MspInit       stm32f1xx_hal_msp.o
    0x08001708   0x08001708   0x0000001a   Code   RO         2891    i.HAL_NVIC_EnableIRQ  stm32f1xx_hal_cortex.o
    0x08001722   0x08001722   0x00000002   PAD
    0x08001724   0x08001724   0x00000040   Code   RO         2897    i.HAL_NVIC_SetPriority  stm32f1xx_hal_cortex.o
    0x08001764   0x08001764   0x00000024   Code   RO         2898    i.HAL_NVIC_SetPriorityGrouping  stm32f1xx_hal_cortex.o
    0x08001788   0x08001788   0x000000ec   Code   RO         2694    i.HAL_RCCEx_PeriphCLKConfig  stm32f1xx_hal_rcc_ex.o
    0x08001874   0x08001874   0x0000012c   Code   RO         2591    i.HAL_RCC_ClockConfig  stm32f1xx_hal_rcc.o
    0x080019a0   0x080019a0   0x00000020   Code   RO         2598    i.HAL_RCC_GetPCLK1Freq  stm32f1xx_hal_rcc.o
    0x080019c0   0x080019c0   0x00000020   Code   RO         2599    i.HAL_RCC_GetPCLK2Freq  stm32f1xx_hal_rcc.o
    0x080019e0   0x080019e0   0x0000006c   Code   RO         2600    i.HAL_RCC_GetSysClockFreq  stm32f1xx_hal_rcc.o
    0x08001a4c   0x08001a4c   0x00000320   Code   RO         2603    i.HAL_RCC_OscConfig  stm32f1xx_hal_rcc.o
    0x08001d6c   0x08001d6c   0x00000028   Code   RO         2902    i.HAL_SYSTICK_Config  stm32f1xx_hal_cortex.o
    0x08001d94   0x08001d94   0x00000002   Code   RO         1792    i.HAL_TIMEx_BreakCallback  stm32f1xx_hal_tim_ex.o
    0x08001d96   0x08001d96   0x00000002   Code   RO         1793    i.HAL_TIMEx_CommutCallback  stm32f1xx_hal_tim_ex.o
    0x08001d98   0x08001d98   0x00000068   Code   RO         1811    i.HAL_TIMEx_MasterConfigSynchronization  stm32f1xx_hal_tim_ex.o
    0x08001e00   0x08001e00   0x0000005a   Code   RO         1088    i.HAL_TIM_Base_Init  stm32f1xx_hal_tim.o
    0x08001e5a   0x08001e5a   0x00000002   PAD
    0x08001e5c   0x08001e5c   0x00000064   Code   RO          699    i.HAL_TIM_Base_MspInit  stm32f1xx_hal_msp.o
    0x08001ec0   0x08001ec0   0x00000058   Code   RO         1093    i.HAL_TIM_Base_Start_IT  stm32f1xx_hal_tim.o
    0x08001f18   0x08001f18   0x000000d6   Code   RO         1097    i.HAL_TIM_ConfigClockSource  stm32f1xx_hal_tim.o
    0x08001fee   0x08001fee   0x00000002   Code   RO         1122    i.HAL_TIM_IC_CaptureCallback  stm32f1xx_hal_tim.o
    0x08001ff0   0x08001ff0   0x00000166   Code   RO         1136    i.HAL_TIM_IRQHandler  stm32f1xx_hal_tim.o
    0x08002156   0x08002156   0x00000002   PAD
    0x08002158   0x08002158   0x00000044   Code   RO          700    i.HAL_TIM_MspPostInit  stm32f1xx_hal_msp.o
    0x0800219c   0x0800219c   0x00000002   Code   RO         1139    i.HAL_TIM_OC_DelayElapsedCallback  stm32f1xx_hal_tim.o
    0x0800219e   0x0800219e   0x000000c6   Code   RO         1160    i.HAL_TIM_PWM_ConfigChannel  stm32f1xx_hal_tim.o
    0x08002264   0x08002264   0x0000005a   Code   RO         1163    i.HAL_TIM_PWM_Init  stm32f1xx_hal_tim.o
    0x080022be   0x080022be   0x00000002   PAD
    0x080022c0   0x080022c0   0x00000024   Code   RO          702    i.HAL_TIM_PWM_MspInit  stm32f1xx_hal_msp.o
    0x080022e4   0x080022e4   0x00000002   Code   RO         1166    i.HAL_TIM_PWM_PulseFinishedCallback  stm32f1xx_hal_tim.o
    0x080022e6   0x080022e6   0x00000002   PAD
    0x080022e8   0x080022e8   0x0000009c   Code   RO         1168    i.HAL_TIM_PWM_Start  stm32f1xx_hal_tim.o
    0x08002384   0x08002384   0x000001d4   Code   RO          480    i.HAL_TIM_PeriodElapsedCallback  main.o
    0x08002558   0x08002558   0x00000002   Code   RO         1179    i.HAL_TIM_TriggerCallback  stm32f1xx_hal_tim.o
    0x0800255a   0x0800255a   0x00000062   Code   RO         2088    i.HAL_UART_Init     stm32f1xx_hal_uart.o
    0x080025bc   0x080025bc   0x00000070   Code   RO          704    i.HAL_UART_MspInit  stm32f1xx_hal_msp.o
    0x0800262c   0x0800262c   0x00000002   Code   RO          599    i.HardFault_Handler  stm32f1xx_it.o
    0x0800262e   0x0800262e   0x00000002   PAD
    0x08002630   0x08002630   0x00000040   Code   RO          412    i.IIC_Ack           myiic.o
    0x08002670   0x08002670   0x00000038   Code   RO          413    i.IIC_Init          myiic.o
    0x080026a8   0x080026a8   0x00000040   Code   RO          414    i.IIC_NAck          myiic.o
    0x080026e8   0x080026e8   0x0000006c   Code   RO          415    i.IIC_Read_Byte     myiic.o
    0x08002754   0x08002754   0x00000068   Code   RO          416    i.IIC_Send_Byte     myiic.o
    0x080027bc   0x080027bc   0x00000040   Code   RO          417    i.IIC_Start         myiic.o
    0x080027fc   0x080027fc   0x00000044   Code   RO          418    i.IIC_Stop          myiic.o
    0x08002840   0x08002840   0x00000058   Code   RO          419    i.IIC_Wait_Ack      myiic.o
    0x08002898   0x08002898   0x00000034   Code   RO          236    i.LCD_GPIO_Init     lcd_driver.o
    0x080028cc   0x080028cc   0x0000003c   Code   RO          237    i.LCD_WriteData_16Bit  lcd_driver.o
    0x08002908   0x08002908   0x00000224   Code   RO          239    i.Lcd_Init          lcd_driver.o
    0x08002b2c   0x08002b2c   0x0000002c   Code   RO          241    i.Lcd_Reset         lcd_driver.o
    0x08002b58   0x08002b58   0x0000005a   Code   RO          242    i.Lcd_SetRegion     lcd_driver.o
    0x08002bb2   0x08002bb2   0x00000002   PAD
    0x08002bb4   0x08002bb4   0x00000038   Code   RO          244    i.Lcd_WriteData     lcd_driver.o
    0x08002bec   0x08002bec   0x00000038   Code   RO          245    i.Lcd_WriteIndex    lcd_driver.o
    0x08002c24   0x08002c24   0x00000040   Code   RO          481    i.MX_ADC1_Init      main.o
    0x08002c64   0x08002c64   0x000000f8   Code   RO          482    i.MX_GPIO_Init      main.o
    0x08002d5c   0x08002d5c   0x00000060   Code   RO          483    i.MX_TIM2_Init      main.o
    0x08002dbc   0x08002dbc   0x00000054   Code   RO          484    i.MX_TIM3_Init      main.o
    0x08002e10   0x08002e10   0x00000058   Code   RO          485    i.MX_TIM4_Init      main.o
    0x08002e68   0x08002e68   0x00000002   Code   RO          600    i.MemManage_Handler  stm32f1xx_it.o
    0x08002e6a   0x08002e6a   0x00000002   Code   RO          601    i.NMI_Handler       stm32f1xx_it.o
    0x08002e6c   0x08002e6c   0x00000002   Code   RO          602    i.PendSV_Handler    stm32f1xx_it.o
    0x08002e6e   0x08002e6e   0x00000002   PAD
    0x08002e70   0x08002e70   0x00000040   Code   RO          247    i.SPI_WriteData     lcd_driver.o
    0x08002eb0   0x08002eb0   0x00000002   Code   RO          603    i.SVC_Handler       stm32f1xx_it.o
    0x08002eb2   0x08002eb2   0x00000004   Code   RO          604    i.SysTick_Handler   stm32f1xx_it.o
    0x08002eb6   0x08002eb6   0x00000062   Code   RO          487    i.SystemClock_Config  main.o
    0x08002f18   0x08002f18   0x00000002   Code   RO         3392    i.SystemInit        system_stm32f1xx.o
    0x08002f1a   0x08002f1a   0x00000002   PAD
    0x08002f1c   0x08002f1c   0x0000000c   Code   RO          605    i.TIM3_IRQHandler   stm32f1xx_it.o
    0x08002f28   0x08002f28   0x0000000c   Code   RO          606    i.TIM4_IRQHandler   stm32f1xx_it.o
    0x08002f34   0x08002f34   0x0000006c   Code   RO         1181    i.TIM_Base_SetConfig  stm32f1xx_hal_tim.o
    0x08002fa0   0x08002fa0   0x0000001a   Code   RO         1182    i.TIM_CCxChannelCmd  stm32f1xx_hal_tim.o
    0x08002fba   0x08002fba   0x00000014   Code   RO         1192    i.TIM_ETR_SetConfig  stm32f1xx_hal_tim.o
    0x08002fce   0x08002fce   0x00000010   Code   RO         1193    i.TIM_ITRx_SetConfig  stm32f1xx_hal_tim.o
    0x08002fde   0x08002fde   0x00000002   PAD
    0x08002fe0   0x08002fe0   0x00000050   Code   RO         1194    i.TIM_OC1_SetConfig  stm32f1xx_hal_tim.o
    0x08003030   0x08003030   0x00000058   Code   RO         1195    i.TIM_OC2_SetConfig  stm32f1xx_hal_tim.o
    0x08003088   0x08003088   0x00000058   Code   RO         1196    i.TIM_OC3_SetConfig  stm32f1xx_hal_tim.o
    0x080030e0   0x080030e0   0x00000044   Code   RO         1197    i.TIM_OC4_SetConfig  stm32f1xx_hal_tim.o
    0x08003124   0x08003124   0x00000022   Code   RO         1199    i.TIM_TI1_ConfigInputStage  stm32f1xx_hal_tim.o
    0x08003146   0x08003146   0x00000024   Code   RO         1201    i.TIM_TI2_ConfigInputStage  stm32f1xx_hal_tim.o
    0x0800316a   0x0800316a   0x00000002   PAD
    0x0800316c   0x0800316c   0x000000b8   Code   RO         2114    i.UART_SetConfig    stm32f1xx_hal_uart.o
    0x08003224   0x08003224   0x00000002   Code   RO          607    i.UsageFault_Handler  stm32f1xx_it.o
    0x08003226   0x08003226   0x00000002   PAD
    0x08003228   0x08003228   0x00000028   Code   RO         3683    i.__0sprintf        mc_w.l(printfa.o)
    0x08003250   0x08003250   0x00000028   Code   RO         3745    i.__ARM_fpclassify  m_ws.l(fpclassify.o)
    0x08003278   0x08003278   0x00000020   Code   RO         2904    i.__NVIC_SetPriority  stm32f1xx_hal_cortex.o
    0x08003298   0x08003298   0x000000aa   Code   RO         3747    i.__kernel_poly     m_ws.l(poly.o)
    0x08003342   0x08003342   0x00000002   PAD
    0x08003344   0x08003344   0x00000010   Code   RO         3731    i.__mathlib_dbl_divzero  m_ws.l(dunder.o)
    0x08003354   0x08003354   0x00000004   Code   RO         3733    i.__mathlib_dbl_infnan2  m_ws.l(dunder.o)
    0x08003358   0x08003358   0x0000000c   Code   RO         3734    i.__mathlib_dbl_invalid  m_ws.l(dunder.o)
    0x08003364   0x08003364   0x0000000e   Code   RO         3735    i.__mathlib_dbl_overflow  m_ws.l(dunder.o)
    0x08003372   0x08003372   0x00000002   PAD
    0x08003374   0x08003374   0x00000010   Code   RO         3737    i.__mathlib_dbl_underflow  m_ws.l(dunder.o)
    0x08003384   0x08003384   0x0000000e   Code   RO         3806    i.__scatterload_copy  mc_w.l(handlers.o)
    0x08003392   0x08003392   0x00000002   Code   RO         3807    i.__scatterload_null  mc_w.l(handlers.o)
    0x08003394   0x08003394   0x0000000e   Code   RO         3808    i.__scatterload_zeroinit  mc_w.l(handlers.o)
    0x080033a2   0x080033a2   0x00000002   PAD
    0x080033a4   0x080033a4   0x0000000c   Code   RO         3782    i.__set_errno       mc_w.l(errno.o)
    0x080033b0   0x080033b0   0x00000184   Code   RO         3688    i._fp_digits        mc_w.l(printfa.o)
    0x08003534   0x08003534   0x000006dc   Code   RO         3689    i._printf_core      mc_w.l(printfa.o)
    0x08003c10   0x08003c10   0x00000024   Code   RO         3690    i._printf_post_padding  mc_w.l(printfa.o)
    0x08003c34   0x08003c34   0x0000002e   Code   RO         3691    i._printf_pre_padding  mc_w.l(printfa.o)
    0x08003c62   0x08003c62   0x0000000a   Code   RO         3693    i._sputc            mc_w.l(printfa.o)
    0x08003c6c   0x08003c6c   0x0000002c   Code   RO           13    i.delay_init        delay.o
    0x08003c98   0x08003c98   0x00000028   Code   RO           14    i.delay_ms          delay.o
    0x08003cc0   0x08003cc0   0x00000028   Code   RO           15    i.delay_us          delay.o
    0x08003ce8   0x08003ce8   0x0000029c   Code   RO          489    i.main              main.o
    0x08003f84   0x08003f84   0x000009d8   Code   RO         3427    i.pow               m_ws.l(pow.o)
    0x0800495c   0x0800495c   0x0000004c   Code   RO         3751    i.sqrt              m_ws.l(sqrt.o)
    0x080049a8   0x080049a8   0x000019d8   Data   RO          155    .constdata          gui.o
    0x08006380   0x08006380   0x00000010   Data   RO         3393    .constdata          system_stm32f1xx.o
    0x08006390   0x08006390   0x00000008   Data   RO         3394    .constdata          system_stm32f1xx.o
    0x08006398   0x08006398   0x00000088   Data   RO         3428    .constdata          m_ws.l(pow.o)
    0x08006420   0x08006420   0x00000008   Data   RO         3749    .constdata          m_ws.l(qnan.o)
    0x08006428   0x08006428   0x00000020   Data   RO         3804    Region$$Table       anon$$obj.o


    Execution Region RW_IRAM1 (Exec base: 0x20000000, Load base: 0x08006448, Size: 0x00000680, Max: 0x00005000, ABSOLUTE)

    Exec Addr    Load Addr    Size         Type   Attr      Idx    E Section Name        Object

    0x20000000   0x08006448   0x00000004   Data   RW           16    .data               delay.o
    0x20000004   0x0800644c   0x00000061   Data   RW          494    .data               main.o
    0x20000065   0x080064ad   0x00000003   PAD
    0x20000068   0x080064b0   0x0000000c   Data   RW         2441    .data               stm32f1xx_hal.o
    0x20000074   0x080064bc   0x00000004   Data   RW         3395    .data               system_stm32f1xx.o
    0x20000078   0x080064c0   0x00000004   Data   RW         3783    .data               mc_w.l(errno.o)
    0x2000007c        -       0x0000004c   Zero   RW          339    .bss                bmp180.o
    0x200000c8        -       0x00000174   Zero   RW          491    .bss                main.o
    0x2000023c        -       0x00000044   Zero   RW          492    .bss                main.o
    0x20000280        -       0x00000400   Zero   RW            1    STACK               startup_stm32f103xb.o


==============================================================================

Image component sizes


      Code (inc. data)   RO Data    RW Data    ZI Data      Debug   Object Name

       624         36          0          0         76       5710   bmp180.o
       124         14          0          4          0     442199   delay.o
       372          8       6616          0          0       2124   gui.o
       996         46          0          0          0       5932   lcd_driver.o
      1836        178          0         97        440       8972   main.o
       616         72          0          0          0       4774   myiic.o
        36          8        236          0       1024        832   startup_stm32f103xb.o
       128         24          0         12          0       5485   stm32f1xx_hal.o
       944         42          0          0          0       5604   stm32f1xx_hal_adc.o
       198         14          0          0          0      29103   stm32f1xx_hal_cortex.o
       432         32          0          0          0       2080   stm32f1xx_hal_dma.o
       514         40          0          0          0       3599   stm32f1xx_hal_gpio.o
       528         74          0          0          0       4334   stm32f1xx_hal_msp.o
      1272        100          0          0          0       5356   stm32f1xx_hal_rcc.o
       236         12          0          0          0       1436   stm32f1xx_hal_rcc_ex.o
      1766         58          0          0          0      15968   stm32f1xx_hal_tim.o
       108         12          0          0          0       2481   stm32f1xx_hal_tim_ex.o
       282          6          0          0          0       1956   stm32f1xx_hal_uart.o
        62         18          0          0          0       5864   stm32f1xx_it.o
         2          0         24          4          0       1179   system_stm32f1xx.o

    ----------------------------------------------------------------------
     11112        794       6908        120       1540     554988   Object Totals
         0          0         32          0          0          0   (incl. Generated)
        36          0          0          3          0          0   (incl. Padding)

    ----------------------------------------------------------------------

      Code (inc. data)   RO Data    RW Data    ZI Data      Debug   Library Member Name

        62         10          0          0          0        340   dunder.o
        40          0          0          0          0         68   fpclassify.o
       170          0          0          0          0         96   poly.o
      2520        190        136          0          0        324   pow.o
         0          0          8          0          0          0   qnan.o
        76          0          0          0          0         84   sqrt.o
         0          0          0          0          0          0   entry.o
         0          0          0          0          0          0   entry10a.o
         0          0          0          0          0          0   entry11a.o
         8          4          0          0          0          0   entry2.o
         4          0          0          0          0          0   entry5.o
         0          0          0          0          0          0   entry7b.o
         0          0          0          0          0          0   entry8b.o
         8          4          0          0          0          0   entry9a.o
        12          6          0          4          0         68   errno.o
        30          0          0          0          0          0   handlers.o
        36          8          0          0          0         68   init.o
         0          0          0          0          0          0   iusefp.o
        30          0          0          0          0         68   llshl.o
        36          0          0          0          0         68   llsshr.o
        32          0          0          0          0         68   llushr.o
        36          0          0          0          0        108   memseta.o
      2276         86          0          0          0        520   printfa.o
        24          0          0          0          0         68   strcat.o
        44          0          0          0          0         80   uidiv.o
        98          0          0          0          0         92   uldiv.o
        48          0          0          0          0         68   cdrcmple.o
        56          0          0          0          0         88   d2f.o
       334          0          0          0          0        148   dadd.o
       222          0          0          0          0        100   ddiv.o
       186          0          0          0          0        176   depilogue.o
        48          0          0          0          0         68   dfixul.o
        34          0          0          0          0         76   dflti.o
        26          0          0          0          0         76   dfltui.o
       228          0          0          0          0         96   dmul.o
        46          0          0          0          0         80   dscalb.o
       162          0          0          0          0        100   dsqrt.o
        38          0          0          0          0         68   f2d.o
       176          0          0          0          0        140   fadd.o
       124          0          0          0          0         88   fdiv.o
       110          0          0          0          0        168   fepilogue.o
        18          0          0          0          0         68   fflti.o
       100          0          0          0          0         76   fmul.o

    ----------------------------------------------------------------------
      7508        308        144          4          0       3804   Library Totals
        10          0          0          0          0          0   (incl. Padding)

    ----------------------------------------------------------------------

      Code (inc. data)   RO Data    RW Data    ZI Data      Debug   Library Name

      2868        200        144          0          0        912   m_ws.l
      2674        108          0          4          0       1208   mc_w.l
      1956          0          0          0          0       1684   mf_w.l

    ----------------------------------------------------------------------
      7508        308        144          4          0       3804   Library Totals

    ----------------------------------------------------------------------

==============================================================================


      Code (inc. data)   RO Data    RW Data    ZI Data      Debug   

     18620       1102       7052        124       1540     551352   Grand Totals
     18620       1102       7052        124       1540     551352   ELF Image Totals
     18620       1102       7052        124          0          0   ROM Totals

==============================================================================

    Total RO  Size (Code + RO Data)                25672 (  25.07kB)
    Total RW  Size (RW Data + ZI Data)              1664 (   1.63kB)
    Total ROM Size (Code + RO Data + RW Data)      25796 (  25.19kB)

==============================================================================

